Component: ARM Compiler 5.06 update 5 (build 528) Tool: armlink [4d35e2]

==============================================================================

Section Cross References

    system_stm32f10x.o(i.SetSysClock) refers to system_stm32f10x.o(i.SetSysClockTo72) for SetSysClockTo72
    system_stm32f10x.o(i.SystemCoreClockUpdate) refers to system_stm32f10x.o(.data) for SystemCoreClock
    system_stm32f10x.o(i.SystemInit) refers to system_stm32f10x.o(i.SetSysClock) for SetSysClock
    main.o(i.main) refers to system_stm32f10x.o(i.SystemInit) for SystemInit
    main.o(i.main) refers to delay.o(i.delay_init) for delay_init
    main.o(i.main) refers to misc.o(i.NVIC_PriorityGroupConfig) for NVIC_PriorityGroupConfig
    main.o(i.main) refers to usart.o(i.Usart1_Init) for Usart1_Init
    main.o(i.main) refers to usart.o(i.Usart3_Init) for Usart3_Init
    main.o(i.main) refers to oled.o(i.OLED_Init) for OLED_Init
    main.o(i.main) refers to oled.o(i.OLED_Clear) for OLED_Clear
    main.o(i.main) refers to dht11.o(i.DHT11_Init) for DHT11_Init
    main.o(i.main) refers to oled.o(i.OLED_ShowString) for OLED_ShowString
    main.o(i.main) refers to ad.o(i.Adc_Init) for Adc_Init
    main.o(i.main) refers to beef.o(i.Beef_Init) for Beef_Init
    main.o(i.main) refers to esp8266.o(i.ESP8266_Init) for ESP8266_Init
    main.o(i.main) refers to esp8266.o(i.ESP8266_SendCmd) for ESP8266_SendCmd
    main.o(i.main) refers to dht11.o(i.DHT11_Read_Data) for DHT11_Read_Data
    main.o(i.main) refers to oled.o(i.OLED_ShowNum) for OLED_ShowNum
    main.o(i.main) refers to ad.o(i.MQ2_GetData_PPM) for MQ2_GetData_PPM
    main.o(i.main) refers to ad.o(i.MQ4_GetPPM) for MQ4_GetPPM
    main.o(i.main) refers to ad.o(i.KY026_GetValue) for KY026_GetValue
    main.o(i.main) refers to ffixui.o(.text) for __aeabi_f2uiz
    main.o(i.main) refers to ffixi.o(.text) for __aeabi_f2iz
    main.o(i.main) refers to f2d.o(.text) for __aeabi_f2d
    main.o(i.main) refers to printfa.o(i.__0sprintf) for __2sprintf
    main.o(i.main) refers to main.o(i.send_info) for send_info
    main.o(i.main) refers to delay.o(i.delay_ms) for delay_ms
    main.o(i.main) refers to main.o(.data) for humi
    main.o(i.send_alarm_info) refers to strlen.o(.text) for strlen
    main.o(i.send_alarm_info) refers to usart.o(i.Usart_SendString) for Usart_SendString
    main.o(i.send_alarm_info) refers to delay.o(i.delay_ms) for delay_ms
    main.o(i.send_info) refers to strlen.o(.text) for strlen
    main.o(i.send_info) refers to usart.o(i.Usart_SendString) for Usart_SendString
    main.o(i.send_info) refers to delay.o(i.delay_ms) for delay_ms
    led.o(i.LED_Init) refers to stm32f10x_rcc.o(i.RCC_APB2PeriphClockCmd) for RCC_APB2PeriphClockCmd
    led.o(i.LED_Init) refers to stm32f10x_gpio.o(i.GPIO_Init) for GPIO_Init
    led.o(i.LED_Init) refers to stm32f10x_gpio.o(i.GPIO_ResetBits) for GPIO_ResetBits
    led.o(i.LED_Off) refers to stm32f10x_gpio.o(i.GPIO_SetBits) for GPIO_SetBits
    led.o(i.LED_On) refers to stm32f10x_gpio.o(i.GPIO_ResetBits) for GPIO_ResetBits
    led.o(i.LED_Toggle) refers to stm32f10x_gpio.o(i.GPIO_ReadOutputDataBit) for GPIO_ReadOutputDataBit
    led.o(i.LED_Toggle) refers to stm32f10x_gpio.o(i.GPIO_WriteBit) for GPIO_WriteBit
    led.o(i.LED_Twinkle) refers to led.o(i.LED_On) for LED_On
    led.o(i.LED_Twinkle) refers to delay.o(i.delay_ms) for delay_ms
    led.o(i.LED_Twinkle) refers to led.o(i.LED_Off) for LED_Off
    oled.o(i.OLED_Clear) refers to oled.o(i.OLED_SetCursor) for OLED_SetCursor
    oled.o(i.OLED_Clear) refers to oled.o(i.OLED_WriteData) for OLED_WriteData
    oled.o(i.OLED_I2C_Init) refers to stm32f10x_rcc.o(i.RCC_APB2PeriphClockCmd) for RCC_APB2PeriphClockCmd
    oled.o(i.OLED_I2C_Init) refers to stm32f10x_gpio.o(i.GPIO_Init) for GPIO_Init
    oled.o(i.OLED_I2C_Init) refers to stm32f10x_gpio.o(i.GPIO_WriteBit) for GPIO_WriteBit
    oled.o(i.OLED_I2C_SendByte) refers to stm32f10x_gpio.o(i.GPIO_WriteBit) for GPIO_WriteBit
    oled.o(i.OLED_I2C_Start) refers to stm32f10x_gpio.o(i.GPIO_WriteBit) for GPIO_WriteBit
    oled.o(i.OLED_I2C_Stop) refers to stm32f10x_gpio.o(i.GPIO_WriteBit) for GPIO_WriteBit
    oled.o(i.OLED_Init) refers to oled.o(i.OLED_I2C_Init) for OLED_I2C_Init
    oled.o(i.OLED_Init) refers to oled.o(i.OLED_WriteCommand) for OLED_WriteCommand
    oled.o(i.OLED_Init) refers to oled.o(i.OLED_Clear) for OLED_Clear
    oled.o(i.OLED_SetCursor) refers to oled.o(i.OLED_WriteCommand) for OLED_WriteCommand
    oled.o(i.OLED_ShowBinNum) refers to oled.o(i.OLED_Pow) for OLED_Pow
    oled.o(i.OLED_ShowBinNum) refers to oled.o(i.OLED_ShowChar) for OLED_ShowChar
    oled.o(i.OLED_ShowChar) refers to oled.o(i.OLED_SetCursor) for OLED_SetCursor
    oled.o(i.OLED_ShowChar) refers to oled.o(i.OLED_WriteData) for OLED_WriteData
    oled.o(i.OLED_ShowChar) refers to oled.o(.constdata) for OLED_F8x16
    oled.o(i.OLED_ShowHexNum) refers to oled.o(i.OLED_Pow) for OLED_Pow
[...]
    entry2.o(__vectab_stack_and_reset_area) refers to startup_stm32f10x_md.o(STACK) for __initial_sp
    entry2.o(__vectab_stack_and_reset_area) refers to entry.o(.ARM.Collect$$$$00000000) for __main
    entry5.o(.ARM.Collect$$$$00000004) refers to init.o(.text) for __scatterload
    entry9a.o(.ARM.Collect$$$$0000000B) refers to main.o(i.main) for main
    entry9b.o(.ARM.Collect$$$$0000000C) refers to main.o(i.main) for main
    fputc.o(i.fputc) refers (Special) to iusesemip.o(.text) for __I$use$semihosting$fputc
    fputc.o(i.fputc) refers (Special) to semi.o(.text) for __semihosting_library_function
    uldiv.o(.text) refers to llushr.o(.text) for __aeabi_llsr
    uldiv.o(.text) refers to llshl.o(.text) for __aeabi_llsl
    errno.o(i.__aeabi_errno_addr) refers to errno.o(.data) for .data
    errno.o(i.__read_errno) refers to errno.o(.data) for .data
    errno.o(i.__set_errno) refers to errno.o(.data) for .data
    depilogue.o(.text) refers to llshl.o(.text) for __aeabi_llsl
    depilogue.o(.text) refers to llushr.o(.text) for __aeabi_llsr
    dflti.o(.text) refers to depilogue.o(.text) for _double_epilogue
    dfixul.o(.text) refers to llushr.o(.text) for __aeabi_llsr
    dfixul.o(.text) refers to llshl.o(.text) for __aeabi_llsl
    init.o(.text) refers to entry5.o(.ARM.Collect$$$$00000004) for __main_after_scatterload
    dsqrt.o(.text) refers to llushr.o(.text) for __aeabi_llsr
    dsqrt.o(.text) refers to depilogue.o(.text) for _double_round


==============================================================================

Removing Unused input sections from the image.

    Removing system_stm32f10x.o(i.SystemCoreClockUpdate), (164 bytes).
    Removing system_stm32f10x.o(.data), (20 bytes).
    Removing main.o(i.send_alarm_info), (48 bytes).
    Removing led.o(i.LED_Init), (52 bytes).
    Removing led.o(i.LED_Off), (20 bytes).
    Removing led.o(i.LED_On), (20 bytes).
    Removing led.o(i.LED_Toggle), (36 bytes).
    Removing led.o(i.LED_Twinkle), (18 bytes).
    Removing oled.o(i.OLED_ShowBinNum), (62 bytes).
    Removing oled.o(i.OLED_ShowHexNum), (84 bytes).
    Removing oled.o(i.OLED_ShowSignedNum), (102 bytes).
    Removing body_hw.o(i.BODY_HW_GetData), (20 bytes).
    Removing body_hw.o(i.BODY_HW_Init), (36 bytes).
    Removing esp8266.o(i.ESP8266_GetIPD), (80 bytes).
    Removing esp8266.o(i.ESP8266_SendData), (56 bytes).
    Removing esp8266.o(i.ESP8266_SendPlus), (32 bytes).
    Removing ad.o(i.Get_V), (60 bytes).
    Removing time.o(i.TIM2_Int_Init), (100 bytes).
    Removing time.o(i.TIM3_Int_Init), (104 bytes).
    Removing usart.o(i.UsartPrintf), (72 bytes).
    Removing usart.o(.data), (2 bytes).
    Removing sys.o(.emb_text), (6 bytes).
    Removing sys.o(i.INTX_DISABLE), (4 bytes).
    Removing sys.o(i.INTX_ENABLE), (4 bytes).
    Removing sys.o(i.WFI_SET), (4 bytes).
    Removing adcx.o(i.ADC_GetValue), (52 bytes).
    Removing adcx.o(i.ADCx_Init), (108 bytes).
    Removing core_cm3.o(.emb_text), (32 bytes).
    Removing startup_stm32f10x_md.o(HEAP), (0 bytes).
    Removing misc.o(i.NVIC_SetVectorTable), (20 bytes).
    Removing misc.o(i.NVIC_SystemLPConfig), (32 bytes).
    Removing stm32f10x_usart.o(i.USART_ClearITPendingBit), (30 bytes).
    Removing stm32f10x_usart.o(i.USART_ClockInit), (34 bytes).
    Removing stm32f10x_usart.o(i.USART_ClockStructInit), (12 bytes).
    Removing stm32f10x_usart.o(i.USART_DMACmd), (18 bytes).
    Removing stm32f10x_usart.o(i.USART_DeInit), (156 bytes).
    Removing stm32f10x_usart.o(i.USART_HalfDuplexCmd), (24 bytes).
    Removing stm32f10x_usart.o(i.USART_IrDACmd), (24 bytes).
    Removing stm32f10x_usart.o(i.USART_IrDAConfig), (18 bytes).
    Removing stm32f10x_usart.o(i.USART_LINBreakDetectLengthConfig), (18 bytes).
    Removing stm32f10x_usart.o(i.USART_LINCmd), (24 bytes).
    Removing stm32f10x_usart.o(i.USART_OneBitMethodCmd), (24 bytes).
    Removing stm32f10x_usart.o(i.USART_OverSampling8Cmd), (22 bytes).
    Removing stm32f10x_usart.o(i.USART_ReceiveData), (10 bytes).
    Removing stm32f10x_usart.o(i.USART_ReceiverWakeUpCmd), (24 bytes).
    Removing stm32f10x_usart.o(i.USART_SendBreak), (10 bytes).
    Removing stm32f10x_usart.o(i.USART_SetAddress), (18 bytes).
    Removing stm32f10x_usart.o(i.USART_SetGuardTime), (16 bytes).
    Removing stm32f10x_usart.o(i.USART_SetPrescaler), (16 bytes).
    Removing stm32f10x_usart.o(i.USART_SmartCardCmd), (24 bytes).
    Removing stm32f10x_usart.o(i.USART_SmartCardNACKCmd), (24 bytes).
    Removing stm32f10x_usart.o(i.USART_StructInit), (24 bytes).
    Removing stm32f10x_usart.o(i.USART_WakeUpConfig), (18 bytes).
    Removing stm32f10x_gpio.o(i.GPIO_AFIODeInit), (20 bytes).
    Removing stm32f10x_gpio.o(i.GPIO_DeInit), (200 bytes).
    Removing stm32f10x_gpio.o(i.GPIO_ETH_MediaInterfaceConfig), (12 bytes).
    Removing stm32f10x_gpio.o(i.GPIO_EXTILineConfig), (64 bytes).
    Removing stm32f10x_gpio.o(i.GPIO_EventOutputCmd), (12 bytes).
    Removing stm32f10x_gpio.o(i.GPIO_EventOutputConfig), (32 bytes).
    Removing stm32f10x_gpio.o(i.GPIO_PinLockConfig), (18 bytes).
    Removing stm32f10x_gpio.o(i.GPIO_PinRemapConfig), (144 bytes).
    Removing stm32f10x_gpio.o(i.GPIO_ReadInputData), (8 bytes).
    Removing stm32f10x_gpio.o(i.GPIO_ReadOutputData), (8 bytes).
    Removing stm32f10x_gpio.o(i.GPIO_ReadOutputDataBit), (18 bytes).
    Removing stm32f10x_gpio.o(i.GPIO_StructInit), (16 bytes).
    Removing stm32f10x_gpio.o(i.GPIO_Write), (4 bytes).
    Removing stm32f10x_rcc.o(i.RCC_APB1PeriphResetCmd), (32 bytes).
    Removing stm32f10x_rcc.o(i.RCC_APB2PeriphResetCmd), (32 bytes).
    Removing stm32f10x_rcc.o(i.RCC_AdjustHSICalibrationValue), (24 bytes).
    Removing stm32f10x_rcc.o(i.RCC_BackupResetCmd), (12 bytes).
    Removing stm32f10x_rcc.o(i.RCC_ClearFlag), (20 bytes).
    Removing stm32f10x_rcc.o(i.RCC_ClearITPendingBit), (12 bytes).
    Removing stm32f10x_rcc.o(i.RCC_ClockSecuritySystemCmd), (12 bytes).
    Removing stm32f10x_rcc.o(i.RCC_DeInit), (76 bytes).
    Removing stm32f10x_rcc.o(i.RCC_GetFlagStatus), (60 bytes).
    Removing stm32f10x_rcc.o(i.RCC_GetITStatus), (24 bytes).
    Removing stm32f10x_rcc.o(i.RCC_GetSYSCLKSource), (16 bytes).
    Removing stm32f10x_rcc.o(i.RCC_HCLKConfig), (24 bytes).
    Removing stm32f10x_rcc.o(i.RCC_HSEConfig), (76 bytes).
    Removing stm32f10x_rcc.o(i.RCC_HSICmd), (12 bytes).
    Removing stm32f10x_rcc.o(i.RCC_ITConfig), (32 bytes).
    Removing stm32f10x_rcc.o(i.RCC_LSEConfig), (52 bytes).
    Removing stm32f10x_rcc.o(i.RCC_LSICmd), (12 bytes).
    Removing stm32f10x_rcc.o(i.RCC_MCOConfig), (12 bytes).
    Removing stm32f10x_rcc.o(i.RCC_PCLK1Config), (24 bytes).
    Removing stm32f10x_rcc.o(i.RCC_PCLK2Config), (24 bytes).
    Removing stm32f10x_rcc.o(i.RCC_PLLCmd), (12 bytes).
    Removing stm32f10x_rcc.o(i.RCC_PLLConfig), (28 bytes).
    Removing stm32f10x_rcc.o(i.RCC_RTCCLKCmd), (12 bytes).
    Removing stm32f10x_rcc.o(i.RCC_RTCCLKConfig), (16 bytes).
    Removing stm32f10x_rcc.o(i.RCC_SYSCLKConfig), (24 bytes).
    Removing stm32f10x_rcc.o(i.RCC_USBCLKConfig), (12 bytes).
    Removing stm32f10x_rcc.o(i.RCC_WaitForHSEStartUp), (56 bytes).
    Removing stm32f10x_adc.o(i.ADC_AnalogWatchdogCmd), (20 bytes).
    Removing stm32f10x_adc.o(i.ADC_AnalogWatchdogSingleChannelConfig), (16 bytes).
    Removing stm32f10x_adc.o(i.ADC_AnalogWatchdogThresholdsConfig), (6 bytes).
    Removing stm32f10x_adc.o(i.ADC_AutoInjectedConvCmd), (22 bytes).
    Removing stm32f10x_adc.o(i.ADC_ClearFlag), (6 bytes).
    Removing stm32f10x_adc.o(i.ADC_ClearITPendingBit), (10 bytes).
    Removing stm32f10x_adc.o(i.ADC_DeInit), (92 bytes).
    Removing stm32f10x_adc.o(i.ADC_DiscModeChannelCountConfig), (24 bytes).
    Removing stm32f10x_adc.o(i.ADC_DiscModeCmd), (22 bytes).
    Removing stm32f10x_adc.o(i.ADC_ExternalTrigConvCmd), (22 bytes).
    Removing stm32f10x_adc.o(i.ADC_ExternalTrigInjectedConvCmd), (22 bytes).
    Removing stm32f10x_adc.o(i.ADC_ExternalTrigInjectedConvConfig), (16 bytes).
    Removing stm32f10x_adc.o(i.ADC_GetConversionValue), (8 bytes).
    Removing stm32f10x_adc.o(i.ADC_GetDualModeConversionValue), (12 bytes).
    Removing stm32f10x_adc.o(i.ADC_GetFlagStatus), (18 bytes).
    Removing stm32f10x_adc.o(i.ADC_GetITStatus), (36 bytes).
    Removing stm32f10x_adc.o(i.ADC_GetInjectedConversionValue), (28 bytes).
    Removing stm32f10x_adc.o(i.ADC_GetSoftwareStartConvStatus), (20 bytes).
    Removing stm32f10x_adc.o(i.ADC_GetSoftwareStartInjectedConvCmdStatus), (20 bytes).
    Removing stm32f10x_adc.o(i.ADC_ITConfig), (24 bytes).
    Removing stm32f10x_adc.o(i.ADC_InjectedChannelConfig), (130 bytes).
    Removing stm32f10x_adc.o(i.ADC_InjectedDiscModeCmd), (22 bytes).
    Removing stm32f10x_adc.o(i.ADC_InjectedSequencerLengthConfig), (24 bytes).
    Removing stm32f10x_adc.o(i.ADC_SetInjectedOffset), (20 bytes).
    Removing stm32f10x_adc.o(i.ADC_SoftwareStartInjectedConvCmd), (22 bytes).
    Removing stm32f10x_adc.o(i.ADC_StructInit), (18 bytes).
    Removing stm32f10x_adc.o(i.ADC_TempSensorVrefintCmd), (36 bytes).
    Removing stm32f10x_dma.o(i.DMA_ClearFlag), (28 bytes).
    Removing stm32f10x_dma.o(i.DMA_ClearITPendingBit), (28 bytes).
    Removing stm32f10x_dma.o(i.DMA_DeInit), (332 bytes).
    Removing stm32f10x_dma.o(i.DMA_GetCurrDataCounter), (8 bytes).
    Removing stm32f10x_dma.o(i.DMA_GetFlagStatus), (44 bytes).
    Removing stm32f10x_dma.o(i.DMA_GetITStatus), (44 bytes).
    Removing stm32f10x_dma.o(i.DMA_ITConfig), (18 bytes).
    Removing stm32f10x_dma.o(i.DMA_SetCurrDataCounter), (4 bytes).
    Removing stm32f10x_dma.o(i.DMA_StructInit), (26 bytes).
    Removing stm32f10x_tim.o(i.TI1_Config), (128 bytes).
    Removing stm32f10x_tim.o(i.TI2_Config), (152 bytes).
    Removing stm32f10x_tim.o(i.TI3_Config), (144 bytes).
    Removing stm32f10x_tim.o(i.TI4_Config), (152 bytes).
    Removing stm32f10x_tim.o(i.TIM_ARRPreloadConfig), (24 bytes).
    Removing stm32f10x_tim.o(i.TIM_BDTRConfig), (32 bytes).
    Removing stm32f10x_tim.o(i.TIM_BDTRStructInit), (18 bytes).
    Removing stm32f10x_tim.o(i.TIM_CCPreloadControl), (24 bytes).
    Removing stm32f10x_tim.o(i.TIM_CCxCmd), (30 bytes).
    Removing stm32f10x_tim.o(i.TIM_CCxNCmd), (30 bytes).
    Removing stm32f10x_tim.o(i.TIM_ClearFlag), (6 bytes).
    Removing stm32f10x_tim.o(i.TIM_ClearOC1Ref), (18 bytes).
    Removing stm32f10x_tim.o(i.TIM_ClearOC2Ref), (24 bytes).
    Removing stm32f10x_tim.o(i.TIM_ClearOC3Ref), (18 bytes).
    Removing stm32f10x_tim.o(i.TIM_ClearOC4Ref), (24 bytes).
    Removing stm32f10x_tim.o(i.TIM_Cmd), (24 bytes).
    Removing stm32f10x_tim.o(i.TIM_CounterModeConfig), (18 bytes).
    Removing stm32f10x_tim.o(i.TIM_CtrlPWMOutputs), (30 bytes).
    Removing stm32f10x_tim.o(i.TIM_DMACmd), (18 bytes).
    Removing stm32f10x_tim.o(i.TIM_DMAConfig), (10 bytes).
    Removing stm32f10x_tim.o(i.TIM_DeInit), (488 bytes).
    Removing stm32f10x_tim.o(i.TIM_ETRClockMode1Config), (54 bytes).
    Removing stm32f10x_tim.o(i.TIM_ETRClockMode2Config), (32 bytes).
    Removing stm32f10x_tim.o(i.TIM_ETRConfig), (28 bytes).
    Removing stm32f10x_tim.o(i.TIM_EncoderInterfaceConfig), (66 bytes).
    Removing stm32f10x_tim.o(i.TIM_ForcedOC1Config), (18 bytes).
    Removing stm32f10x_tim.o(i.TIM_ForcedOC2Config), (26 bytes).
    Removing stm32f10x_tim.o(i.TIM_ForcedOC3Config), (18 bytes).
    Removing stm32f10x_tim.o(i.TIM_ForcedOC4Config), (26 bytes).
    Removing stm32f10x_tim.o(i.TIM_GenerateEvent), (4 bytes).
    Removing stm32f10x_tim.o(i.TIM_GetCapture1), (6 bytes).
    Removing stm32f10x_tim.o(i.TIM_GetCapture2), (6 bytes).
    Removing stm32f10x_tim.o(i.TIM_GetCapture3), (6 bytes).
    Removing stm32f10x_tim.o(i.TIM_GetCapture4), (8 bytes).
    Removing stm32f10x_tim.o(i.TIM_GetCounter), (6 bytes).
    Removing stm32f10x_tim.o(i.TIM_GetFlagStatus), (18 bytes).
    Removing stm32f10x_tim.o(i.TIM_GetPrescaler), (6 bytes).
    Removing stm32f10x_tim.o(i.TIM_ICInit), (172 bytes).
    Removing stm32f10x_tim.o(i.TIM_ICStructInit), (18 bytes).
    Removing stm32f10x_tim.o(i.TIM_ITConfig), (18 bytes).
    Removing stm32f10x_tim.o(i.TIM_ITRxExternalClockConfig), (24 bytes).
    Removing stm32f10x_tim.o(i.TIM_InternalClockConfig), (12 bytes).
    Removing stm32f10x_tim.o(i.TIM_OC1FastConfig), (18 bytes).
    Removing stm32f10x_tim.o(i.TIM_OC1Init), (152 bytes).
    Removing stm32f10x_tim.o(i.TIM_OC1NPolarityConfig), (18 bytes).
    Removing stm32f10x_tim.o(i.TIM_OC1PolarityConfig), (18 bytes).
    Removing stm32f10x_tim.o(i.TIM_OC1PreloadConfig), (18 bytes).
    Removing stm32f10x_tim.o(i.TIM_OC2FastConfig), (26 bytes).
    Removing stm32f10x_tim.o(i.TIM_OC2Init), (164 bytes).
    Removing stm32f10x_tim.o(i.TIM_OC2NPolarityConfig), (26 bytes).
    Removing stm32f10x_tim.o(i.TIM_OC2PolarityConfig), (26 bytes).
    Removing stm32f10x_tim.o(i.TIM_OC2PreloadConfig), (26 bytes).
    Removing stm32f10x_tim.o(i.TIM_OC3FastConfig), (18 bytes).
    Removing stm32f10x_tim.o(i.TIM_OC3Init), (160 bytes).
    Removing stm32f10x_tim.o(i.TIM_OC3NPolarityConfig), (26 bytes).
    Removing stm32f10x_tim.o(i.TIM_OC3PolarityConfig), (26 bytes).
    Removing stm32f10x_tim.o(i.TIM_OC3PreloadConfig), (18 bytes).
    Removing stm32f10x_tim.o(i.TIM_OC4FastConfig), (26 bytes).
    Removing stm32f10x_tim.o(i.TIM_OC4Init), (124 bytes).
    Removing stm32f10x_tim.o(i.TIM_OC4PolarityConfig), (26 bytes).
    Removing stm32f10x_tim.o(i.TIM_OC4PreloadConfig), (26 bytes).
    Removing stm32f10x_tim.o(i.TIM_OCStructInit), (20 bytes).
    Removing stm32f10x_tim.o(i.TIM_PWMIConfig), (124 bytes).
    Removing stm32f10x_tim.o(i.TIM_PrescalerConfig), (6 bytes).
    Removing stm32f10x_tim.o(i.TIM_SelectCCDMA), (24 bytes).
    Removing stm32f10x_tim.o(i.TIM_SelectCOM), (24 bytes).
    Removing stm32f10x_tim.o(i.TIM_SelectHallSensor), (24 bytes).
    Removing stm32f10x_tim.o(i.TIM_SelectInputTrigger), (18 bytes).
    Removing stm32f10x_tim.o(i.TIM_SelectMasterSlaveMode), (18 bytes).
    Removing stm32f10x_tim.o(i.TIM_SelectOCxM), (82 bytes).
    Removing stm32f10x_tim.o(i.TIM_SelectOnePulseMode), (18 bytes).
    Removing stm32f10x_tim.o(i.TIM_SelectOutputTrigger), (18 bytes).
    Removing stm32f10x_tim.o(i.TIM_SelectSlaveMode), (18 bytes).
    Removing stm32f10x_tim.o(i.TIM_SetAutoreload), (4 bytes).
    Removing stm32f10x_tim.o(i.TIM_SetClockDivision), (18 bytes).
    Removing stm32f10x_tim.o(i.TIM_SetCompare1), (4 bytes).
    Removing stm32f10x_tim.o(i.TIM_SetCompare2), (4 bytes).
    Removing stm32f10x_tim.o(i.TIM_SetCompare3), (4 bytes).
    Removing stm32f10x_tim.o(i.TIM_SetCompare4), (6 bytes).
    Removing stm32f10x_tim.o(i.TIM_SetCounter), (4 bytes).
    Removing stm32f10x_tim.o(i.TIM_SetIC1Prescaler), (18 bytes).
    Removing stm32f10x_tim.o(i.TIM_SetIC2Prescaler), (26 bytes).
    Removing stm32f10x_tim.o(i.TIM_SetIC3Prescaler), (18 bytes).
    Removing stm32f10x_tim.o(i.TIM_SetIC4Prescaler), (26 bytes).
    Removing stm32f10x_tim.o(i.TIM_TIxExternalClockConfig), (62 bytes).
    Removing stm32f10x_tim.o(i.TIM_TimeBaseInit), (164 bytes).
    Removing stm32f10x_tim.o(i.TIM_TimeBaseStructInit), (18 bytes).
    Removing stm32f10x_tim.o(i.TIM_UpdateDisableConfig), (24 bytes).
    Removing stm32f10x_tim.o(i.TIM_UpdateRequestConfig), (24 bytes).
    Removing dfltui.o(.text), (26 bytes).
    Removing cdcmple.o(.text), (48 bytes).

220 unused section(s) (total 8408 bytes) removed from the image.

==============================================================================

Image Symbol Table

    Local Symbols

    Symbol Name                              Value     Ov Type        Size  Object(Section)

    ../clib/microlib/division.c              0x00000000   Number         0  uldiv.o ABSOLUTE
    ../clib/microlib/division.c              0x00000000   Number         0  uidiv.o ABSOLUTE
    ../clib/microlib/errno.c                 0x00000000   Number         0  errno.o ABSOLUTE
    ../clib/microlib/init/entry.s            0x00000000   Number         0  entry11a.o ABSOLUTE
    ../clib/microlib/init/entry.s            0x00000000   Number         0  entry5.o ABSOLUTE
    ../clib/microlib/init/entry.s            0x00000000   Number         0  entry7b.o ABSOLUTE
    ../clib/microlib/init/entry.s            0x00000000   Number         0  entry7a.o ABSOLUTE
    ../clib/microlib/init/entry.s            0x00000000   Number         0  entry10b.o ABSOLUTE
    ../clib/microlib/init/entry.s            0x00000000   Number         0  entry.o ABSOLUTE
    ../clib/microlib/init/entry.s            0x00000000   Number         0  entry10a.o ABSOLUTE
    ../clib/microlib/init/entry.s            0x00000000   Number         0  entry9b.o ABSOLUTE
    ../clib/microlib/init/entry.s            0x00000000   Number         0  entry9a.o ABSOLUTE
    ../clib/microlib/init/entry.s            0x00000000   Number         0  entry2.o ABSOLUTE
    ../clib/microlib/init/entry.s            0x00000000   Number         0  entry8b.o ABSOLUTE
    ../clib/microlib/init/entry.s            0x00000000   Number         0  entry8a.o ABSOLUTE
    ../clib/microlib/init/entry.s            0x00000000   Number         0  entry11b.o ABSOLUTE
    ../clib/microlib/longlong.c              0x00000000   Number         0  llushr.o ABSOLUTE
    ../clib/microlib/longlong.c              0x00000000   Number         0  llsshr.o ABSOLUTE
    ../clib/microlib/longlong.c              0x00000000   Number         0  llshl.o ABSOLUTE
    ../clib/microlib/printf/printf.c         0x00000000   Number         0  printf2.o ABSOLUTE
    ../clib/microlib/printf/printf.c         0x00000000   Number         0  printf5.o ABSOLUTE
    ../clib/microlib/printf/printf.c         0x00000000   Number         0  printf6.o ABSOLUTE
    ../clib/microlib/printf/printf.c         0x00000000   Number         0  printf7.o ABSOLUTE
    ../clib/microlib/printf/printf.c         0x00000000   Number         0  printf8.o ABSOLUTE
    ../clib/microlib/printf/printf.c         0x00000000   Number         0  printfa.o ABSOLUTE
    ../clib/microlib/printf/printf.c         0x00000000   Number         0  printf3.o ABSOLUTE
    ../clib/microlib/printf/printf.c         0x00000000   Number         0  printfb.o ABSOLUTE
    ../clib/microlib/printf/printf.c         0x00000000   Number         0  printf0.o ABSOLUTE
    ../clib/microlib/printf/printf.c         0x00000000   Number         0  printf1.o ABSOLUTE
    ../clib/microlib/printf/printf.c         0x00000000   Number         0  printf4.o ABSOLUTE
    ../clib/microlib/printf/stubs.s          0x00000000   Number         0  stubs.o ABSOLUTE
    ../clib/microlib/stdio/fputc.c           0x00000000   Number         0  fputc.o ABSOLUTE
    ../clib/microlib/stdio/semi.s            0x00000000   Number         0  semi.o ABSOLUTE
    ../clib/microlib/stdio/streams.c         0x00000000   Number         0  stdout.o ABSOLUTE
    ../clib/microlib/string/memset.c         0x00000000   Number         0  memseta.o ABSOLUTE
    ../clib/microlib/string/strchr.c         0x00000000   Number         0  strchr.o ABSOLUTE
    ../clib/microlib/string/strlen.c         0x00000000   Number         0  strlen.o ABSOLUTE
    ../clib/microlib/string/strstr.c         0x00000000   Number         0  strstr.o ABSOLUTE
    ../clib/microlib/stubs.s                 0x00000000   Number         0  iusefp.o ABSOLUTE
    ../clib/microlib/stubs.s                 0x00000000   Number         0  iusesemip.o ABSOLUTE
    ../fplib/microlib/d2f.c                  0x00000000   Number         0  d2f.o ABSOLUTE
    ../fplib/microlib/f2d.c                  0x00000000   Number         0  f2d.o ABSOLUTE
    ../fplib/microlib/fpadd.c                0x00000000   Number         0  fadd.o ABSOLUTE
    ../fplib/microlib/fpadd.c                0x00000000   Number         0  dadd.o ABSOLUTE
    ../fplib/microlib/fpdiv.c                0x00000000   Number         0  fdiv.o ABSOLUTE
    ../fplib/microlib/fpdiv.c                0x00000000   Number         0  ddiv.o ABSOLUTE
    ../fplib/microlib/fpepilogue.c           0x00000000   Number         0  fepilogue.o ABSOLUTE
    ../fplib/microlib/fpepilogue.c           0x00000000   Number         0  depilogue.o ABSOLUTE
    ../fplib/microlib/fpfix.c                0x00000000   Number         0  dfixul.o ABSOLUTE
    ../fplib/microlib/fpfix.c                0x00000000   Number         0  ffixi.o ABSOLUTE
    ../fplib/microlib/fpfix.c                0x00000000   Number         0  ffixui.o ABSOLUTE
    ../fplib/microlib/fpflt.c                0x00000000   Number         0  ffltui.o ABSOLUTE
    ../fplib/microlib/fpflt.c                0x00000000   Number         0  dflti.o ABSOLUTE
    ../fplib/microlib/fpflt.c                0x00000000   Number         0  dfltui.o ABSOLUTE
    ../fplib/microlib/fpmul.c                0x00000000   Number         0  dmul.o ABSOLUTE
    ../fplib/microlib/fpmul.c                0x00000000   Number         0  fmul.o ABSOLUTE
    ../fplib/microlib/fpscalb.c              0x00000000   Number         0  dscalb.o ABSOLUTE
    ../fplib/microlib/fpsqrt.c               0x00000000   Number         0  dsqrt.o ABSOLUTE
    ../mathlib/dunder.c                      0x00000000   Number         0  dunder.o ABSOLUTE
    ../mathlib/fpclassify.c                  0x00000000   Number         0  fpclassify.o ABSOLUTE
    ../mathlib/poly.c                        0x00000000   Number         0  poly.o ABSOLUTE
    ../mathlib/pow.c                         0x00000000   Number         0  pow_x.o ABSOLUTE
    ../mathlib/pow.c                         0x00000000   Number         0  pow.o ABSOLUTE
    ../mathlib/qnan.c                        0x00000000   Number         0  qnan.o ABSOLUTE
    ../mathlib/sqrt.c                        0x00000000   Number         0  sqrt.o ABSOLUTE
    ../mathlib/sqrt.c                        0x00000000   Number         0  sqrt_x.o ABSOLUTE
    ..\CORE\core_cm3.c                       0x00000000   Number         0  core_cm3.o ABSOLUTE
    ..\CORE\startup_stm32f10x_md.s           0x00000000   Number         0  startup_stm32f10x_md.o ABSOLUTE
    ..\HARDWARE\Beef\Beef.c                  0x00000000   Number         0  beef.o ABSOLUTE
    ..\HARDWARE\DHT11\DHT11.c                0x00000000   Number         0  dht11.o ABSOLUTE
    ..\HARDWARE\ESP8266\esp8266.c            0x00000000   Number         0  esp8266.o ABSOLUTE
    ..\HARDWARE\Environment\AD.c             0x00000000   Number         0  ad.o ABSOLUTE
    ..\HARDWARE\HC-SR501\body_hw.c           0x00000000   Number         0  body_hw.o ABSOLUTE
    ..\HARDWARE\LED\led.c                    0x00000000   Number         0  led.o ABSOLUTE
    ..\HARDWARE\OLED\oled.c                  0x00000000   Number         0  oled.o ABSOLUTE
    ..\HARDWARE\Time\time.c                  0x00000000   Number         0  time.o ABSOLUTE
    ..\HARDWARE\Usart\usart.c                0x00000000   Number         0  usart.o ABSOLUTE
    ..\STM32F10x_FWLib\src\misc.c            0x00000000   Number         0  misc.o ABSOLUTE
    ..\STM32F10x_FWLib\src\stm32f10x_adc.c   0x00000000   Number         0  stm32f10x_adc.o ABSOLUTE
    ..\STM32F10x_FWLib\src\stm32f10x_dma.c   0x00000000   Number         0  stm32f10x_dma.o ABSOLUTE
    ..\STM32F10x_FWLib\src\stm32f10x_gpio.c  0x00000000   Number         0  stm32f10x_gpio.o ABSOLUTE
    ..\STM32F10x_FWLib\src\stm32f10x_rcc.c   0x00000000   Number         0  stm32f10x_rcc.o ABSOLUTE
    ..\STM32F10x_FWLib\src\stm32f10x_tim.c   0x00000000   Number         0  stm32f10x_tim.o ABSOLUTE
    ..\STM32F10x_FWLib\src\stm32f10x_usart.c 0x00000000   Number         0  stm32f10x_usart.o ABSOLUTE
    ..\SYSTEM\adc\adcx.c                     0x00000000   Number         0  adcx.o ABSOLUTE
    ..\SYSTEM\delay\delay.c                  0x00000000   Number         0  delay.o ABSOLUTE
    ..\SYSTEM\sys\sys.c                      0x00000000   Number         0  sys.o ABSOLUTE
    ..\\CORE\\core_cm3.c                     0x00000000   Number         0  core_cm3.o ABSOLUTE
    ..\\SYSTEM\\sys\\sys.c                   0x00000000   Number         0  sys.o ABSOLUTE
    cdcmple.s                                0x00000000   Number         0  cdcmple.o ABSOLUTE
    cdrcmple.s                               0x00000000   Number         0  cdrcmple.o ABSOLUTE
    cfcmple.s                                0x00000000   Number         0  cfcmple.o ABSOLUTE
    dc.s                                     0x00000000   Number         0  dc.o ABSOLUTE
    handlers.s                               0x00000000   Number         0  handlers.o ABSOLUTE
    init.s                                   0x00000000   Number         0  init.o ABSOLUTE
    main.c                                   0x00000000   Number         0  main.o ABSOLUTE
    stm32f10x_it.c                           0x00000000   Number         0  stm32f10x_it.o ABSOLUTE
    system_stm32f10x.c                       0x00000000   Number         0  system_stm32f10x.o ABSOLUTE
    RESET                                    0x08000000   Section      236  startup_stm32f10x_md.o(RESET)
    .ARM.Collect$$$$00000000                 0x080000ec   Section        0  entry.o(.ARM.Collect$$$$00000000)
    .ARM.Collect$$$$00000001                 0x080000ec   Section        4  entry2.o(.ARM.Collect$$$$00000001)
    .ARM.Collect$$$$00000004                 0x080000f0   Section        4  entry5.o(.ARM.Collect$$$$00000004)
    .ARM.Collect$$$$00000008                 0x080000f4   Section        0  entry7b.o(.ARM.Collect$$$$00000008)
    .ARM.Collect$$$$0000000A                 0x080000f4   Section        0  entry8b.o(.ARM.Collect$$$$0000000A)
    .ARM.Collect$$$$0000000B                 0x080000f4   Section        8  entry9a.o(.ARM.Collect$$$$0000000B)
    .ARM.Collect$$$$0000000D                 0x080000fc   Section        0  entry10a.o(.ARM.Collect$$$$0000000D)
    .ARM.Collect$$$$0000000F                 0x080000fc   Section        0  entry11a.o(.ARM.Collect$$$$0000000F)
    .ARM.Collect$$$$00002712                 0x080000fc   Section        4  entry2.o(.ARM.Collect$$$$00002712)
    __lit__00000000                          0x080000fc   Data           4  entry2.o(.ARM.Collect$$$$00002712)
    .text                                    0x08000100   Section       28  startup_stm32f10x_md.o(.text)
    .text                                    0x0800011c   Section        0  memseta.o(.text)
    .text                                    0x08000140   Section        0  strstr.o(.text)
    .text                                    0x08000164   Section        0  strlen.o(.text)
    .text                                    0x08000172   Section        0  fadd.o(.text)
    .text                                    0x08000222   Section        0  fmul.o(.text)
    .text                                    0x08000286   Section        0  fdiv.o(.text)
    .text                                    0x08000302   Section        0  dadd.o(.text)
    .text                                    0x08000450   Section        0  dmul.o(.text)
    .text                                    0x08000534   Section        0  ddiv.o(.text)
    .text                                    0x08000612   Section        0  ffltui.o(.text)
    .text                                    0x0800061c   Section        0  ffixi.o(.text)
    .text                                    0x0800064e   Section        0  ffixui.o(.text)
    .text                                    0x08000676   Section        0  f2d.o(.text)
    .text                                    0x0800069c   Section        0  d2f.o(.text)
    .text                                    0x080006d4   Section       20  cfcmple.o(.text)
    .text                                    0x080006e8   Section        0  uidiv.o(.text)
    .text                                    0x08000714   Section        0  uldiv.o(.text)
    .text                                    0x08000776   Section        0  llshl.o(.text)
    .text                                    0x08000794   Section        0  llsshr.o(.text)
    .text                                    0x080007b8   Section        0  iusefp.o(.text)
    .text                                    0x080007b8   Section        0  fepilogue.o(.text)
    .text                                    0x08000826   Section        0  depilogue.o(.text)
    .text                                    0x080008e0   Section        0  dscalb.o(.text)
    .text                                    0x0800090e   Section        0  dflti.o(.text)
    .text                                    0x08000930   Section        0  dfixul.o(.text)
    .text                                    0x08000960   Section       48  cdrcmple.o(.text)
    .text                                    0x08000990   Section       36  init.o(.text)
    .text                                    0x080009b4   Section        0  llushr.o(.text)
    .text                                    0x080009d4   Section        0  dsqrt.o(.text)
    i.ADC_Cmd                                0x08000a76   Section        0  stm32f10x_adc.o(i.ADC_Cmd)
    i.ADC_DMACmd                             0x08000a8c   Section        0  stm32f10x_adc.o(i.ADC_DMACmd)
    i.ADC_GetCalibrationStatus               0x08000aa2   Section        0  stm32f10x_adc.o(i.ADC_GetCalibrationStatus)
    i.ADC_GetResetCalibrationStatus          0x08000ab6   Section        0  stm32f10x_adc.o(i.ADC_GetResetCalibrationStatus)
    i.ADC_Init                               0x08000acc   Section        0  stm32f10x_adc.o(i.ADC_Init)
    i.ADC_RegularChannelConfig               0x08000b1c   Section        0  stm32f10x_adc.o(i.ADC_RegularChannelConfig)
    i.ADC_ResetCalibration                   0x08000bd4   Section        0  stm32f10x_adc.o(i.ADC_ResetCalibration)
    i.ADC_SoftwareStartConvCmd               0x08000bde   Section        0  stm32f10x_adc.o(i.ADC_SoftwareStartConvCmd)
    i.ADC_StartCalibration                   0x08000bf4   Section        0  stm32f10x_adc.o(i.ADC_StartCalibration)
    i.Adc_Init                               0x08000c00   Section        0  ad.o(i.Adc_Init)
    i.Beef_Init                              0x08000d14   Section        0  beef.o(i.Beef_Init)
    i.BusFault_Handler                       0x08000d48   Section        0  stm32f10x_it.o(i.BusFault_Handler)
    i.DHT11_Check                            0x08000d4c   Section        0  dht11.o(i.DHT11_Check)
    i.DHT11_Init                             0x08000da4   Section        0  dht11.o(i.DHT11_Init)
    i.DHT11_Mode                             0x08000de0   Section        0  dht11.o(i.DHT11_Mode)
    i.DHT11_Read_Bit                         0x08000e14   Section        0  dht11.o(i.DHT11_Read_Bit)
    i.DHT11_Read_Byte                        0x08000e6c   Section        0  dht11.o(i.DHT11_Read_Byte)
    i.DHT11_Read_Data                        0x08000e8a   Section        0  dht11.o(i.DHT11_Read_Data)
    i.DHT11_Rst                              0x08000ee4   Section        0  dht11.o(i.DHT11_Rst)
    i.DMA_Cmd                                0x08000f10   Section        0  stm32f10x_dma.o(i.DMA_Cmd)
    i.DMA_Init                               0x08000f28   Section        0  stm32f10x_dma.o(i.DMA_Init)
    i.DebugMon_Handler                       0x08000f64   Section        0  stm32f10x_it.o(i.DebugMon_Handler)
    i.ESP8266_Clear                          0x08000f68   Section        0  esp8266.o(i.ESP8266_Clear)
    i.ESP8266_Init                           0x08000f84   Section        0  esp8266.o(i.ESP8266_Init)
    i.ESP8266_SendCmd                        0x08001078   Section        0  esp8266.o(i.ESP8266_SendCmd)
    i.ESP8266_WaitRecive                     0x080010cc   Section        0  esp8266.o(i.ESP8266_WaitRecive)
    i.GPIO_Init                              0x08001100   Section        0  stm32f10x_gpio.o(i.GPIO_Init)
    i.GPIO_ReadInputDataBit                  0x08001216   Section        0  stm32f10x_gpio.o(i.GPIO_ReadInputDataBit)
    i.GPIO_ResetBits                         0x08001228   Section        0  stm32f10x_gpio.o(i.GPIO_ResetBits)
    i.GPIO_SetBits                           0x0800122c   Section        0  stm32f10x_gpio.o(i.GPIO_SetBits)
    i.GPIO_WriteBit                          0x08001230   Section        0  stm32f10x_gpio.o(i.GPIO_WriteBit)
    i.Get_Adc_Average                        0x0800123c   Section        0  ad.o(i.Get_Adc_Average)
    i.HardFault_Handler                      0x08001270   Section        0  stm32f10x_it.o(i.HardFault_Handler)
    i.KY026_GetValue                         0x08001274   Section        0  ad.o(i.KY026_GetValue)
    i.MQ2_GetData_PPM                        0x080012f0   Section        0  ad.o(i.MQ2_GetData_PPM)
    i.MQ4_GetPPM                             0x0800137c   Section        0  ad.o(i.MQ4_GetPPM)
    i.MemManage_Handler                      0x080013cc   Section        0  stm32f10x_it.o(i.MemManage_Handler)
    i.NMI_Handler                            0x080013d0   Section        0  stm32f10x_it.o(i.NMI_Handler)
    i.NVIC_Init                              0x080013d4   Section        0  misc.o(i.NVIC_Init)
    i.NVIC_PriorityGroupConfig               0x08001444   Section        0  misc.o(i.NVIC_PriorityGroupConfig)
    i.OLED_Clear                             0x08001458   Section        0  oled.o(i.OLED_Clear)
    i.OLED_I2C_Init                          0x08001484   Section        0  oled.o(i.OLED_I2C_Init)
    i.OLED_I2C_SendByte                      0x080014d4   Section        0  oled.o(i.OLED_I2C_SendByte)
    i.OLED_I2C_Start                         0x08001528   Section        0  oled.o(i.OLED_I2C_Start)
    i.OLED_I2C_Stop                          0x0800155c   Section        0  oled.o(i.OLED_I2C_Stop)
    i.OLED_Init                              0x08001584   Section        0  oled.o(i.OLED_Init)
    i.OLED_Pow                               0x08001632   Section        0  oled.o(i.OLED_Pow)
    i.OLED_SetCursor                         0x08001646   Section        0  oled.o(i.OLED_SetCursor)
    i.OLED_ShowChar                          0x08001668   Section        0  oled.o(i.OLED_ShowChar)
    i.OLED_ShowNum                           0x080016dc   Section        0  oled.o(i.OLED_ShowNum)
    i.OLED_ShowString                        0x08001720   Section        0  oled.o(i.OLED_ShowString)
    i.OLED_WriteCommand                      0x08001748   Section        0  oled.o(i.OLED_WriteCommand)
    i.OLED_WriteData                         0x08001768   Section        0  oled.o(i.OLED_WriteData)
    i.PendSV_Handler                         0x08001788   Section        0  stm32f10x_it.o(i.PendSV_Handler)
    i.RCC_ADCCLKConfig                       0x0800178c   Section        0  stm32f10x_rcc.o(i.RCC_ADCCLKConfig)
    i.RCC_AHBPeriphClockCmd                  0x080017a4   Section        0  stm32f10x_rcc.o(i.RCC_AHBPeriphClockCmd)
    i.RCC_APB1PeriphClockCmd                 0x080017c4   Section        0  stm32f10x_rcc.o(i.RCC_APB1PeriphClockCmd)
    i.RCC_APB2PeriphClockCmd                 0x080017e4   Section        0  stm32f10x_rcc.o(i.RCC_APB2PeriphClockCmd)
    i.RCC_GetClocksFreq                      0x08001804   Section        0  stm32f10x_rcc.o(i.RCC_GetClocksFreq)
    i.SVC_Handler                            0x080018d8   Section        0  stm32f10x_it.o(i.SVC_Handler)
    i.SetSysClock                            0x080018da   Section        0  system_stm32f10x.o(i.SetSysClock)
    SetSysClock                              0x080018db   Thumb Code     8  system_stm32f10x.o(i.SetSysClock)
    i.SetSysClockTo72                        0x080018e4   Section        0  system_stm32f10x.o(i.SetSysClockTo72)
    SetSysClockTo72                          0x080018e5   Thumb Code   214  system_stm32f10x.o(i.SetSysClockTo72)
    i.SysTick_CLKSourceConfig                0x080019c4   Section        0  misc.o(i.SysTick_CLKSourceConfig)
    i.SysTick_Handler                        0x080019ec   Section        0  stm32f10x_it.o(i.SysTick_Handler)
    i.SystemInit                             0x080019f0   Section        0  system_stm32f10x.o(i.SystemInit)
    i.TIM2_IRQHandler                        0x08001a50   Section        0  time.o(i.TIM2_IRQHandler)
    i.TIM3_IRQHandler                        0x08001a8c   Section        0  time.o(i.TIM3_IRQHandler)
    i.TIM_ClearITPendingBit                  0x08001ac0   Section        0  stm32f10x_tim.o(i.TIM_ClearITPendingBit)
    i.TIM_GetITStatus                        0x08001ac6   Section        0  stm32f10x_tim.o(i.TIM_GetITStatus)
    i.USART1_IRQHandler                      0x08001ae8   Section        0  esp8266.o(i.USART1_IRQHandler)
    i.USART_ClearFlag                        0x08001b34   Section        0  stm32f10x_usart.o(i.USART_ClearFlag)
    i.USART_Cmd                              0x08001b46   Section        0  stm32f10x_usart.o(i.USART_Cmd)
    i.USART_GetFlagStatus                    0x08001b5e   Section        0  stm32f10x_usart.o(i.USART_GetFlagStatus)
    i.USART_GetITStatus                      0x08001b78   Section        0  stm32f10x_usart.o(i.USART_GetITStatus)
    i.USART_ITConfig                         0x08001bcc   Section        0  stm32f10x_usart.o(i.USART_ITConfig)
    i.USART_Init                             0x08001c18   Section        0  stm32f10x_usart.o(i.USART_Init)
    i.USART_SendData                         0x08001cf0   Section        0  stm32f10x_usart.o(i.USART_SendData)
    i.UsageFault_Handler                     0x08001cf8   Section        0  stm32f10x_it.o(i.UsageFault_Handler)
    i.Usart1_Init                            0x08001cfc   Section        0  usart.o(i.Usart1_Init)
    i.Usart3_Init                            0x08001dac   Section        0  usart.o(i.Usart3_Init)
    i.Usart_SendString                       0x08001e58   Section        0  usart.o(i.Usart_SendString)
    i.__0sprintf                             0x08001e8c   Section        0  printfa.o(i.__0sprintf)
    i.__ARM_fpclassify                       0x08001eb4   Section        0  fpclassify.o(i.__ARM_fpclassify)
    i.__kernel_poly                          0x08001edc   Section        0  poly.o(i.__kernel_poly)
    i.__mathlib_dbl_divzero                  0x08001f88   Section        0  dunder.o(i.__mathlib_dbl_divzero)
    i.__mathlib_dbl_infnan2                  0x08001f98   Section        0  dunder.o(i.__mathlib_dbl_infnan2)
    i.__mathlib_dbl_invalid                  0x08001f9c   Section        0  dunder.o(i.__mathlib_dbl_invalid)
    i.__mathlib_dbl_overflow                 0x08001fa8   Section        0  dunder.o(i.__mathlib_dbl_overflow)
    i.__mathlib_dbl_underflow                0x08001fb8   Section        0  dunder.o(i.__mathlib_dbl_underflow)
    i.__scatterload_copy                     0x08001fc8   Section       14  handlers.o(i.__scatterload_copy)
    i.__scatterload_null                     0x08001fd6   Section        2  handlers.o(i.__scatterload_null)
    i.__scatterload_zeroinit                 0x08001fd8   Section       14  handlers.o(i.__scatterload_zeroinit)
    i.__set_errno                            0x08001fe8   Section        0  errno.o(i.__set_errno)
    i._fp_digits                             0x08001ff4   Section        0  printfa.o(i._fp_digits)
    _fp_digits                               0x08001ff5   Thumb Code   366  printfa.o(i._fp_digits)
    i._printf_core                           0x08002178   Section        0  printfa.o(i._printf_core)
    _printf_core                             0x08002179   Thumb Code  1744  printfa.o(i._printf_core)
    i._printf_post_padding                   0x08002854   Section        0  printfa.o(i._printf_post_padding)
    _printf_post_padding                     0x08002855   Thumb Code    36  printfa.o(i._printf_post_padding)
    i._printf_pre_padding                    0x08002878   Section        0  printfa.o(i._printf_pre_padding)
    _printf_pre_padding                      0x08002879   Thumb Code    46  printfa.o(i._printf_pre_padding)
    i._sputc                                 0x080028a6   Section        0  printfa.o(i._sputc)
    _sputc                                   0x080028a7   Thumb Code    10  printfa.o(i._sputc)
    i.delay_init                             0x080028b0   Section        0  delay.o(i.delay_init)
    i.delay_ms                               0x080028ec   Section        0  delay.o(i.delay_ms)
    i.delay_us                               0x08002928   Section        0  delay.o(i.delay_us)
    i.main                                   0x08002964   Section        0  main.o(i.main)
    i.pow                                    0x08002ae0   Section        0  pow.o(i.pow)
    i.send_info                              0x080034b8   Section        0  main.o(i.send_info)
    i.sqrt                                   0x080034e8   Section        0  sqrt.o(i.sqrt)
    .constdata                               0x08003534   Section     1520  oled.o(.constdata)
    .constdata                               0x08003b28   Section      136  pow.o(.constdata)
    bp                                       0x08003b28   Data          16  pow.o(.constdata)
    dp_h                                     0x08003b38   Data          16  pow.o(.constdata)
    dp_l                                     0x08003b48   Data          16  pow.o(.constdata)
    L                                        0x08003b58   Data          48  pow.o(.constdata)
    P                                        0x08003b88   Data          40  pow.o(.constdata)
    .constdata                               0x08003bb0   Section        8  qnan.o(.constdata)
    .data                                    0x20000000   Section       14  main.o(.data)
    .data                                    0x2000000e   Section        4  esp8266.o(.data)
    .data                                    0x20000012   Section        6  ad.o(.data)
    .data                                    0x20000018   Section       12  time.o(.data)
    .data                                    0x20000024   Section        4  delay.o(.data)
    fac_us                                   0x20000024   Data           1  delay.o(.data)
    fac_ms                                   0x20000026   Data           2  delay.o(.data)
    .data                                    0x20000028   Section       20  stm32f10x_rcc.o(.data)
    APBAHBPrescTable                         0x20000028   Data          16  stm32f10x_rcc.o(.data)
    ADCPrescTable                            0x20000038   Data           4  stm32f10x_rcc.o(.data)
    .data                                    0x2000003c   Section        4  errno.o(.data)
    _errno                                   0x2000003c   Data           4  errno.o(.data)
    .bss                                     0x20000040   Section      128  esp8266.o(.bss)
    STACK                                    0x200000c0   Section      512  startup_stm32f10x_md.o(STACK)

    Global Symbols

    Symbol Name                              Value     Ov Type        Size  Object(Section)

    BuildAttributes$$THM_ISAv4$P$D$K$B$S$PE$A:L22UL41UL21$X:L11$S22US41US21$IEEE1$IW$USESV6$~STKCKD$USESV7$~SHL$OTIME$ROPI$IEEEX$EBA8$MICROLIB$REQ8$PRES8$EABIv2 0x00000000   Number         0  anon$$obj.o ABSOLUTE
    __ARM_use_no_argv                        0x00000000   Number         0  main.o ABSOLUTE
    _printf_a                                0x00000000   Number         0  stubs.o ABSOLUTE
    _printf_c                                0x00000000   Number         0  stubs.o ABSOLUTE
    _printf_charcount                        0x00000000   Number         0  stubs.o ABSOLUTE
    _printf_d                                0x00000000   Number         0  stubs.o ABSOLUTE
    _printf_e                                0x00000000   Number         0  stubs.o ABSOLUTE
    _printf_f                                0x00000000   Number         0  stubs.o ABSOLUTE
    _printf_flags                            0x00000000   Number         0  stubs.o ABSOLUTE
    _printf_fp_dec                           0x00000000   Number         0  stubs.o ABSOLUTE
    _printf_fp_hex                           0x00000000   Number         0  stubs.o ABSOLUTE
    _printf_g                                0x00000000   Number         0  stubs.o ABSOLUTE
    _printf_i                                0x00000000   Number         0  stubs.o ABSOLUTE
    _printf_int_dec                          0x00000000   Number         0  stubs.o ABSOLUTE
    _printf_l                                0x00000000   Number         0  stubs.o ABSOLUTE
    _printf_lc                               0x00000000   Number         0  stubs.o ABSOLUTE
    _printf_ll                               0x00000000   Number         0  stubs.o ABSOLUTE
    _printf_lld                              0x00000000   Number         0  stubs.o ABSOLUTE
    _printf_lli                              0x00000000   Number         0  stubs.o ABSOLUTE
    _printf_llo                              0x00000000   Number         0  stubs.o ABSOLUTE
    _printf_llu                              0x00000000   Number         0  stubs.o ABSOLUTE
    _printf_llx                              0x00000000   Number         0  stubs.o ABSOLUTE
    _printf_longlong_dec                     0x00000000   Number         0  stubs.o ABSOLUTE
    _printf_longlong_hex                     0x00000000   Number         0  stubs.o ABSOLUTE
    _printf_longlong_oct                     0x00000000   Number         0  stubs.o ABSOLUTE
    _printf_ls                               0x00000000   Number         0  stubs.o ABSOLUTE
    _printf_mbtowc                           0x00000000   Number         0  stubs.o ABSOLUTE
    _printf_n                                0x00000000   Number         0  stubs.o ABSOLUTE
    _printf_o                                0x00000000   Number         0  stubs.o ABSOLUTE
    _printf_p                                0x00000000   Number         0  stubs.o ABSOLUTE
    _printf_percent                          0x00000000   Number         0  stubs.o ABSOLUTE
    _printf_pre_padding                      0x00000000   Number         0  stubs.o ABSOLUTE
    _printf_return_value                     0x00000000   Number         0  stubs.o ABSOLUTE
    _printf_s                                0x00000000   Number         0  stubs.o ABSOLUTE
    _printf_sizespec                         0x00000000   Number         0  stubs.o ABSOLUTE
    _printf_str                              0x00000000   Number         0  stubs.o ABSOLUTE
    _printf_truncate_signed                  0x00000000   Number         0  stubs.o ABSOLUTE
    _printf_truncate_unsigned                0x00000000   Number         0  stubs.o ABSOLUTE
    _printf_u                                0x00000000   Number         0  stubs.o ABSOLUTE
    _printf_wc                               0x00000000   Number         0  stubs.o ABSOLUTE
    _printf_wctomb                           0x00000000   Number         0  stubs.o ABSOLUTE
    _printf_widthprec                        0x00000000   Number         0  stubs.o ABSOLUTE
    _printf_x                                0x00000000   Number         0  stubs.o ABSOLUTE
    __cpp_initialize__aeabi_                  - Undefined Weak Reference
    __cxa_finalize                            - Undefined Weak Reference
    __decompress                              - Undefined Weak Reference
    _clock_init                               - Undefined Weak Reference
    _microlib_exit                            - Undefined Weak Reference
    __Vectors_Size                           0x000000ec   Number         0  startup_stm32f10x_md.o ABSOLUTE
    __Vectors                                0x08000000   Data           4  startup_stm32f10x_md.o(RESET)
    __Vectors_End                            0x080000ec   Data           0  startup_stm32f10x_md.o(RESET)
    __main                                   0x080000ed   Thumb Code     0  entry.o(.ARM.Collect$$$$00000000)
    _main_stk                                0x080000ed   Thumb Code     0  entry2.o(.ARM.Collect$$$$00000001)
    _main_scatterload                        0x080000f1   Thumb Code     0  entry5.o(.ARM.Collect$$$$00000004)
    __main_after_scatterload                 0x080000f5   Thumb Code     0  entry5.o(.ARM.Collect$$$$00000004)
    _main_clock                              0x080000f5   Thumb Code     0  entry7b.o(.ARM.Collect$$$$00000008)
    _main_cpp_init                           0x080000f5   Thumb Code     0  entry8b.o(.ARM.Collect$$$$0000000A)
    _main_init                               0x080000f5   Thumb Code     0  entry9a.o(.ARM.Collect$$$$0000000B)
    __rt_final_cpp                           0x080000fd   Thumb Code     0  entry10a.o(.ARM.Collect$$$$0000000D)
    __rt_final_exit                          0x080000fd   Thumb Code     0  entry11a.o(.ARM.Collect$$$$0000000F)
    Reset_Handler                            0x08000101   Thumb Code     4  startup_stm32f10x_md.o(.text)
    ADC1_2_IRQHandler                        0x08000117   Thumb Code     0  startup_stm32f10x_md.o(.text)
    CAN1_RX1_IRQHandler                      0x08000117   Thumb Code     0  startup_stm32f10x_md.o(.text)
    CAN1_SCE_IRQHandler                      0x08000117   Thumb Code     0  startup_stm32f10x_md.o(.text)
    DMA1_Channel1_IRQHandler                 0x08000117   Thumb Code     0  startup_stm32f10x_md.o(.text)
    DMA1_Channel2_IRQHandler                 0x08000117   Thumb Code     0  startup_stm32f10x_md.o(.text)
    DMA1_Channel3_IRQHandler                 0x08000117   Thumb Code     0  startup_stm32f10x_md.o(.text)
    DMA1_Channel4_IRQHandler                 0x08000117   Thumb Code     0  startup_stm32f10x_md.o(.text)
    DMA1_Channel5_IRQHandler                 0x08000117   Thumb Code     0  startup_stm32f10x_md.o(.text)
    DMA1_Channel6_IRQHandler                 0x08000117   Thumb Code     0  startup_stm32f10x_md.o(.text)
    DMA1_Channel7_IRQHandler                 0x08000117   Thumb Code     0  startup_stm32f10x_md.o(.text)
    EXTI0_IRQHandler                         0x08000117   Thumb Code     0  startup_stm32f10x_md.o(.text)
    EXTI15_10_IRQHandler                     0x08000117   Thumb Code     0  startup_stm32f10x_md.o(.text)
    EXTI1_IRQHandler                         0x08000117   Thumb Code     0  startup_stm32f10x_md.o(.text)
    EXTI2_IRQHandler                         0x08000117   Thumb Code     0  startup_stm32f10x_md.o(.text)
    EXTI3_IRQHandler                         0x08000117   Thumb Code     0  startup_stm32f10x_md.o(.text)
    EXTI4_IRQHandler                         0x08000117   Thumb Code     0  startup_stm32f10x_md.o(.text)
    EXTI9_5_IRQHandler                       0x08000117   Thumb Code     0  startup_stm32f10x_md.o(.text)
    FLASH_IRQHandler                         0x08000117   Thumb Code     0  startup_stm32f10x_md.o(.text)
    I2C1_ER_IRQHandler                       0x08000117   Thumb Code     0  startup_stm32f10x_md.o(.text)
    I2C1_EV_IRQHandler                       0x08000117   Thumb Code     0  startup_stm32f10x_md.o(.text)
    I2C2_ER_IRQHandler                       0x08000117   Thumb Code     0  startup_stm32f10x_md.o(.text)
    I2C2_EV_IRQHandler                       0x08000117   Thumb Code     0  startup_stm32f10x_md.o(.text)
    PVD_IRQHandler                           0x08000117   Thumb Code     0  startup_stm32f10x_md.o(.text)
    RCC_IRQHandler                           0x08000117   Thumb Code     0  startup_stm32f10x_md.o(.text)
    RTCAlarm_IRQHandler                      0x08000117   Thumb Code     0  startup_stm32f10x_md.o(.text)
    RTC_IRQHandler                           0x08000117   Thumb Code     0  startup_stm32f10x_md.o(.text)
    SPI1_IRQHandler                          0x08000117   Thumb Code     0  startup_stm32f10x_md.o(.text)
    SPI2_IRQHandler                          0x08000117   Thumb Code     0  startup_stm32f10x_md.o(.text)
    TAMPER_IRQHandler                        0x08000117   Thumb Code     0  startup_stm32f10x_md.o(.text)
    TIM1_BRK_IRQHandler                      0x08000117   Thumb Code     0  startup_stm32f10x_md.o(.text)
    TIM1_CC_IRQHandler                       0x08000117   Thumb Code     0  startup_stm32f10x_md.o(.text)
    TIM1_TRG_COM_IRQHandler                  0x08000117   Thumb Code     0  startup_stm32f10x_md.o(.text)
    TIM1_UP_IRQHandler                       0x08000117   Thumb Code     0  startup_stm32f10x_md.o(.text)
    TIM4_IRQHandler                          0x08000117   Thumb Code     0  startup_stm32f10x_md.o(.text)
    USART2_IRQHandler                        0x08000117   Thumb Code     0  startup_stm32f10x_md.o(.text)
    USART3_IRQHandler                        0x08000117   Thumb Code     0  startup_stm32f10x_md.o(.text)
    USBWakeUp_IRQHandler                     0x08000117   Thumb Code     0  startup_stm32f10x_md.o(.text)
    USB_HP_CAN1_TX_IRQHandler                0x08000117   Thumb Code     0  startup_stm32f10x_md.o(.text)
    USB_LP_CAN1_RX0_IRQHandler               0x08000117   Thumb Code     0  startup_stm32f10x_md.o(.text)
    WWDG_IRQHandler                          0x08000117   Thumb Code     0  startup_stm32f10x_md.o(.text)
    __aeabi_memset                           0x0800011d   Thumb Code    14  memseta.o(.text)
    __aeabi_memset4                          0x0800011d   Thumb Code     0  memseta.o(.text)
    __aeabi_memset8                          0x0800011d   Thumb Code     0  memseta.o(.text)
    __aeabi_memclr                           0x0800012b   Thumb Code     4  memseta.o(.text)
    __aeabi_memclr4                          0x0800012b   Thumb Code     0  memseta.o(.text)
    __aeabi_memclr8                          0x0800012b   Thumb Code     0  memseta.o(.text)
    _memset$wrapper                          0x0800012f   Thumb Code    18  memseta.o(.text)
    strstr                                   0x08000141   Thumb Code    36  strstr.o(.text)
    strlen                                   0x08000165   Thumb Code    14  strlen.o(.text)
    __aeabi_fadd                             0x08000173   Thumb Code   164  fadd.o(.text)
    __aeabi_fsub                             0x08000217   Thumb Code     6  fadd.o(.text)
    __aeabi_frsub                            0x0800021d   Thumb Code     6  fadd.o(.text)
    __aeabi_fmul                             0x08000223   Thumb Code   100  fmul.o(.text)
    __aeabi_fdiv                             0x08000287   Thumb Code   124  fdiv.o(.text)
    __aeabi_dadd                             0x08000303   Thumb Code   322  dadd.o(.text)
    __aeabi_dsub                             0x08000445   Thumb Code     6  dadd.o(.text)
    __aeabi_drsub                            0x0800044b   Thumb Code     6  dadd.o(.text)
    __aeabi_dmul                             0x08000451   Thumb Code   228  dmul.o(.text)
    __aeabi_ddiv                             0x08000535   Thumb Code   222  ddiv.o(.text)
    __aeabi_ui2f                             0x08000613   Thumb Code    10  ffltui.o(.text)
    __aeabi_f2iz                             0x0800061d   Thumb Code    50  ffixi.o(.text)
    __aeabi_f2uiz                            0x0800064f   Thumb Code    40  ffixui.o(.text)
    __aeabi_f2d                              0x08000677   Thumb Code    38  f2d.o(.text)
    __aeabi_d2f                              0x0800069d   Thumb Code    56  d2f.o(.text)
    __aeabi_cfcmpeq                          0x080006d5   Thumb Code     0  cfcmple.o(.text)
    __aeabi_cfcmple                          0x080006d5   Thumb Code    20  cfcmple.o(.text)
    __aeabi_uidiv                            0x080006e9   Thumb Code     0  uidiv.o(.text)
    __aeabi_uidivmod                         0x080006e9   Thumb Code    44  uidiv.o(.text)
    __aeabi_uldivmod                         0x08000715   Thumb Code    98  uldiv.o(.text)
    __aeabi_llsl                             0x08000777   Thumb Code    30  llshl.o(.text)
    _ll_shift_l                              0x08000777   Thumb Code     0  llshl.o(.text)
    __aeabi_lasr                             0x08000795   Thumb Code    36  llsshr.o(.text)
    _ll_sshift_r                             0x08000795   Thumb Code     0  llsshr.o(.text)
    __I$use$fp                               0x080007b9   Thumb Code     0  iusefp.o(.text)
    _float_round                             0x080007b9   Thumb Code    18  fepilogue.o(.text)
    _float_epilogue                          0x080007cb   Thumb Code    92  fepilogue.o(.text)
    _double_round                            0x08000827   Thumb Code    30  depilogue.o(.text)
    _double_epilogue                         0x08000845   Thumb Code   156  depilogue.o(.text)
    __ARM_scalbn                             0x080008e1   Thumb Code    46  dscalb.o(.text)
    scalbn                                   0x080008e1   Thumb Code     0  dscalb.o(.text)
    __aeabi_i2d                              0x0800090f   Thumb Code    34  dflti.o(.text)
    __aeabi_d2ulz                            0x08000931   Thumb Code    48  dfixul.o(.text)
    __aeabi_cdrcmple                         0x08000961   Thumb Code    48  cdrcmple.o(.text)
    __scatterload                            0x08000991   Thumb Code    28  init.o(.text)
    __scatterload_rt2                        0x08000991   Thumb Code     0  init.o(.text)
    __aeabi_llsr                             0x080009b5   Thumb Code    32  llushr.o(.text)
    _ll_ushift_r                             0x080009b5   Thumb Code     0  llushr.o(.text)
    _dsqrt                                   0x080009d5   Thumb Code   162  dsqrt.o(.text)
    ADC_Cmd                                  0x08000a77   Thumb Code    22  stm32f10x_adc.o(i.ADC_Cmd)
    ADC_DMACmd                               0x08000a8d   Thumb Code    22  stm32f10x_adc.o(i.ADC_DMACmd)
    ADC_GetCalibrationStatus                 0x08000aa3   Thumb Code    20  stm32f10x_adc.o(i.ADC_GetCalibrationStatus)
    ADC_GetResetCalibrationStatus            0x08000ab7   Thumb Code    20  stm32f10x_adc.o(i.ADC_GetResetCalibrationStatus)
    ADC_Init                                 0x08000acd   Thumb Code    70  stm32f10x_adc.o(i.ADC_Init)
    ADC_RegularChannelConfig                 0x08000b1d   Thumb Code   184  stm32f10x_adc.o(i.ADC_RegularChannelConfig)
    ADC_ResetCalibration                     0x08000bd5   Thumb Code    10  stm32f10x_adc.o(i.ADC_ResetCalibration)
    ADC_SoftwareStartConvCmd                 0x08000bdf   Thumb Code    22  stm32f10x_adc.o(i.ADC_SoftwareStartConvCmd)
    ADC_StartCalibration                     0x08000bf5   Thumb Code    10  stm32f10x_adc.o(i.ADC_StartCalibration)
    Adc_Init                                 0x08000c01   Thumb Code   258  ad.o(i.Adc_Init)
    Beef_Init                                0x08000d15   Thumb Code    48  beef.o(i.Beef_Init)
    BusFault_Handler                         0x08000d49   Thumb Code     4  stm32f10x_it.o(i.BusFault_Handler)
    DHT11_Check                              0x08000d4d   Thumb Code    84  dht11.o(i.DHT11_Check)
    DHT11_Init                               0x08000da5   Thumb Code    54  dht11.o(i.DHT11_Init)
    DHT11_Mode                               0x08000de1   Thumb Code    48  dht11.o(i.DHT11_Mode)
    DHT11_Read_Bit                           0x08000e15   Thumb Code    82  dht11.o(i.DHT11_Read_Bit)
    DHT11_Read_Byte                          0x08000e6d   Thumb Code    30  dht11.o(i.DHT11_Read_Byte)
    DHT11_Read_Data                          0x08000e8b   Thumb Code    88  dht11.o(i.DHT11_Read_Data)
    DHT11_Rst                                0x08000ee5   Thumb Code    38  dht11.o(i.DHT11_Rst)
    DMA_Cmd                                  0x08000f11   Thumb Code    24  stm32f10x_dma.o(i.DMA_Cmd)
    DMA_Init                                 0x08000f29   Thumb Code    60  stm32f10x_dma.o(i.DMA_Init)
    DebugMon_Handler                         0x08000f65   Thumb Code     2  stm32f10x_it.o(i.DebugMon_Handler)
    ESP8266_Clear                            0x08000f69   Thumb Code    18  esp8266.o(i.ESP8266_Clear)
    ESP8266_Init                             0x08000f85   Thumb Code   104  esp8266.o(i.ESP8266_Init)
    ESP8266_SendCmd                          0x08001079   Thumb Code    76  esp8266.o(i.ESP8266_SendCmd)
    ESP8266_WaitRecive                       0x080010cd   Thumb Code    42  esp8266.o(i.ESP8266_WaitRecive)
    GPIO_Init                                0x08001101   Thumb Code   278  stm32f10x_gpio.o(i.GPIO_Init)
    GPIO_ReadInputDataBit                    0x08001217   Thumb Code    18  stm32f10x_gpio.o(i.GPIO_ReadInputDataBit)
    GPIO_ResetBits                           0x08001229   Thumb Code     4  stm32f10x_gpio.o(i.GPIO_ResetBits)
    GPIO_SetBits                             0x0800122d   Thumb Code     4  stm32f10x_gpio.o(i.GPIO_SetBits)
    GPIO_WriteBit                            0x08001231   Thumb Code    10  stm32f10x_gpio.o(i.GPIO_WriteBit)
    Get_Adc_Average                          0x0800123d   Thumb Code    46  ad.o(i.Get_Adc_Average)
    HardFault_Handler                        0x08001271   Thumb Code     4  stm32f10x_it.o(i.HardFault_Handler)
    KY026_GetValue                           0x08001275   Thumb Code   104  ad.o(i.KY026_GetValue)
    MQ2_GetData_PPM                          0x080012f1   Thumb Code   122  ad.o(i.MQ2_GetData_PPM)
    MQ4_GetPPM                               0x0800137d   Thumb Code    72  ad.o(i.MQ4_GetPPM)
    MemManage_Handler                        0x080013cd   Thumb Code     4  stm32f10x_it.o(i.MemManage_Handler)
    NMI_Handler                              0x080013d1   Thumb Code     2  stm32f10x_it.o(i.NMI_Handler)
    NVIC_Init                                0x080013d5   Thumb Code   100  misc.o(i.NVIC_Init)
    NVIC_PriorityGroupConfig                 0x08001445   Thumb Code    10  misc.o(i.NVIC_PriorityGroupConfig)
    OLED_Clear                               0x08001459   Thumb Code    42  oled.o(i.OLED_Clear)
    OLED_I2C_Init                            0x08001485   Thumb Code    76  oled.o(i.OLED_I2C_Init)
    OLED_I2C_SendByte                        0x080014d5   Thumb Code    80  oled.o(i.OLED_I2C_SendByte)
    OLED_I2C_Start                           0x08001529   Thumb Code    48  oled.o(i.OLED_I2C_Start)
    OLED_I2C_Stop                            0x0800155d   Thumb Code    36  oled.o(i.OLED_I2C_Stop)
    OLED_Init                                0x08001585   Thumb Code   174  oled.o(i.OLED_Init)
    OLED_Pow                                 0x08001633   Thumb Code    20  oled.o(i.OLED_Pow)
    OLED_SetCursor                           0x08001647   Thumb Code    34  oled.o(i.OLED_SetCursor)
    OLED_ShowChar                            0x08001669   Thumb Code   110  oled.o(i.OLED_ShowChar)
    OLED_ShowNum                             0x080016dd   Thumb Code    68  oled.o(i.OLED_ShowNum)
    OLED_ShowString                          0x08001721   Thumb Code    40  oled.o(i.OLED_ShowString)
    OLED_WriteCommand                        0x08001749   Thumb Code    32  oled.o(i.OLED_WriteCommand)
    OLED_WriteData                           0x08001769   Thumb Code    32  oled.o(i.OLED_WriteData)
    PendSV_Handler                           0x08001789   Thumb Code     2  stm32f10x_it.o(i.PendSV_Handler)
    RCC_ADCCLKConfig                         0x0800178d   Thumb Code    18  stm32f10x_rcc.o(i.RCC_ADCCLKConfig)
    RCC_AHBPeriphClockCmd                    0x080017a5   Thumb Code    26  stm32f10x_rcc.o(i.RCC_AHBPeriphClockCmd)
    RCC_APB1PeriphClockCmd                   0x080017c5   Thumb Code    26  stm32f10x_rcc.o(i.RCC_APB1PeriphClockCmd)
    RCC_APB2PeriphClockCmd                   0x080017e5   Thumb Code    26  stm32f10x_rcc.o(i.RCC_APB2PeriphClockCmd)
    RCC_GetClocksFreq                        0x08001805   Thumb Code   192  stm32f10x_rcc.o(i.RCC_GetClocksFreq)
    SVC_Handler                              0x080018d9   Thumb Code     2  stm32f10x_it.o(i.SVC_Handler)
    SysTick_CLKSourceConfig                  0x080019c5   Thumb Code    40  misc.o(i.SysTick_CLKSourceConfig)
    SysTick_Handler                          0x080019ed   Thumb Code     2  stm32f10x_it.o(i.SysTick_Handler)
    SystemInit                               0x080019f1   Thumb Code    78  system_stm32f10x.o(i.SystemInit)
    TIM2_IRQHandler                          0x08001a51   Thumb Code    54  time.o(i.TIM2_IRQHandler)
    TIM3_IRQHandler                          0x08001a8d   Thumb Code    44  time.o(i.TIM3_IRQHandler)
    TIM_ClearITPendingBit                    0x08001ac1   Thumb Code     6  stm32f10x_tim.o(i.TIM_ClearITPendingBit)
    TIM_GetITStatus                          0x08001ac7   Thumb Code    34  stm32f10x_tim.o(i.TIM_GetITStatus)
    USART1_IRQHandler                        0x08001ae9   Thumb Code    62  esp8266.o(i.USART1_IRQHandler)
    USART_ClearFlag                          0x08001b35   Thumb Code    18  stm32f10x_usart.o(i.USART_ClearFlag)
    USART_Cmd                                0x08001b47   Thumb Code    24  stm32f10x_usart.o(i.USART_Cmd)
    USART_GetFlagStatus                      0x08001b5f   Thumb Code    26  stm32f10x_usart.o(i.USART_GetFlagStatus)
    USART_GetITStatus                        0x08001b79   Thumb Code    84  stm32f10x_usart.o(i.USART_GetITStatus)
    USART_ITConfig                           0x08001bcd   Thumb Code    74  stm32f10x_usart.o(i.USART_ITConfig)
    USART_Init                               0x08001c19   Thumb Code   210  stm32f10x_usart.o(i.USART_Init)
    USART_SendData                           0x08001cf1   Thumb Code     8  stm32f10x_usart.o(i.USART_SendData)
    UsageFault_Handler                       0x08001cf9   Thumb Code     4  stm32f10x_it.o(i.UsageFault_Handler)
    Usart1_Init                              0x08001cfd   Thumb Code   166  usart.o(i.Usart1_Init)
    Usart3_Init                              0x08001dad   Thumb Code   162  usart.o(i.Usart3_Init)
    Usart_SendString                         0x08001e59   Thumb Code    50  usart.o(i.Usart_SendString)
    __0sprintf                               0x08001e8d   Thumb Code    34  printfa.o(i.__0sprintf)
    __1sprintf                               0x08001e8d   Thumb Code     0  printfa.o(i.__0sprintf)
    __2sprintf                               0x08001e8d   Thumb Code     0  printfa.o(i.__0sprintf)
    __c89sprintf                             0x08001e8d   Thumb Code     0  printfa.o(i.__0sprintf)
    sprintf                                  0x08001e8d   Thumb Code     0  printfa.o(i.__0sprintf)
    __ARM_fpclassify                         0x08001eb5   Thumb Code    40  fpclassify.o(i.__ARM_fpclassify)
    __kernel_poly                            0x08001edd   Thumb Code   170  poly.o(i.__kernel_poly)
    __mathlib_dbl_divzero                    0x08001f89   Thumb Code    12  dunder.o(i.__mathlib_dbl_divzero)
    __mathlib_dbl_infnan2                    0x08001f99   Thumb Code     4  dunder.o(i.__mathlib_dbl_infnan2)
    __mathlib_dbl_invalid                    0x08001f9d   Thumb Code    12  dunder.o(i.__mathlib_dbl_invalid)
    __mathlib_dbl_overflow                   0x08001fa9   Thumb Code    14  dunder.o(i.__mathlib_dbl_overflow)
    __mathlib_dbl_underflow                  0x08001fb9   Thumb Code    10  dunder.o(i.__mathlib_dbl_underflow)
    __scatterload_copy                       0x08001fc9   Thumb Code    14  handlers.o(i.__scatterload_copy)
    __scatterload_null                       0x08001fd7   Thumb Code     2  handlers.o(i.__scatterload_null)
    __scatterload_zeroinit                   0x08001fd9   Thumb Code    14  handlers.o(i.__scatterload_zeroinit)
    __set_errno                              0x08001fe9   Thumb Code     6  errno.o(i.__set_errno)
    delay_init                               0x080028b1   Thumb Code    52  delay.o(i.delay_init)
    delay_ms                                 0x080028ed   Thumb Code    56  delay.o(i.delay_ms)
    delay_us                                 0x08002929   Thumb Code    56  delay.o(i.delay_us)
    main                                     0x08002965   Thumb Code   292  main.o(i.main)
    pow                                      0x08002ae1   Thumb Code  2512  pow.o(i.pow)
    send_info                                0x080034b9   Thumb Code    40  main.o(i.send_info)
    sqrt                                     0x080034e9   Thumb Code    76  sqrt.o(i.sqrt)
    OLED_F8x16                               0x08003534   Data        1520  oled.o(.constdata)
    __mathlib_zero                           0x08003bb0   Data           8  qnan.o(.constdata)
    Region$$Table$$Base                      0x08003bb8   Number         0  anon$$obj.o(Region$$Table)
    Region$$Table$$Limit                     0x08003bd8   Number         0  anon$$obj.o(Region$$Table)
    smog                                     0x20000000   Data           4  main.o(.data)
    ch4                                      0x20000004   Data           4  main.o(.data)
    flame                                    0x20000008   Data           4  main.o(.data)
    temp                                     0x2000000c   Data           1  main.o(.data)
    humi                                     0x2000000d   Data           1  main.o(.data)
    esp8266_cnt                              0x2000000e   Data           2  esp8266.o(.data)
    esp8266_cntPre                           0x20000010   Data           2  esp8266.o(.data)
    AD_Value                                 0x20000012   Data           6  ad.o(.data)
    times                                    0x20000018   Data           2  time.o(.data)
    tt2                                      0x2000001c   Data           8  time.o(.data)
    esp8266_buf                              0x20000040   Data         128  esp8266.o(.bss)
    __initial_sp                             0x200002c0   Data           0  startup_stm32f10x_md.o(STACK)



==============================================================================

Memory Map of the image

  Image Entry point : 0x080000ed

  Load Region LR_IROM1 (Base: 0x08000000, Size: 0x00003c18, Max: 0x00010000, ABSOLUTE)

    Execution Region ER_IROM1 (Exec base: 0x08000000, Load base: 0x08000000, Size: 0x00003bd8, Max: 0x00010000, ABSOLUTE)

    Exec Addr    Load Addr    Size         Type   Attr      Idx    E Section Name        Object

    0x08000000   0x08000000   0x000000ec   Data   RO          790    RESET               startup_stm32f10x_md.o
    0x080000ec   0x080000ec   0x00000000   Code   RO         2177  * .ARM.Collect$$$$00000000  mc_w.l(entry.o)
    0x080000ec   0x080000ec   0x00000004   Code   RO         2502    .ARM.Collect$$$$00000001  mc_w.l(entry2.o)
    0x080000f0   0x080000f0   0x00000004   Code   RO         2505    .ARM.Collect$$$$00000004  mc_w.l(entry5.o)
    0x080000f4   0x080000f4   0x00000000   Code   RO         2507    .ARM.Collect$$$$00000008  mc_w.l(entry7b.o)
    0x080000f4   0x080000f4   0x00000000   Code   RO         2509    .ARM.Collect$$$$0000000A  mc_w.l(entry8b.o)
    0x080000f4   0x080000f4   0x00000008   Code   RO         2510    .ARM.Collect$$$$0000000B  mc_w.l(entry9a.o)
    0x080000fc   0x080000fc   0x00000000   Code   RO         2512    .ARM.Collect$$$$0000000D  mc_w.l(entry10a.o)
    0x080000fc   0x080000fc   0x00000000   Code   RO         2514    .ARM.Collect$$$$0000000F  mc_w.l(entry11a.o)
    0x080000fc   0x080000fc   0x00000004   Code   RO         2503    .ARM.Collect$$$$00002712  mc_w.l(entry2.o)
    0x08000100   0x08000100   0x0000001c   Code   RO          791    .text               startup_stm32f10x_md.o
    0x0800011c   0x0800011c   0x00000024   Code   RO         2180    .text               mc_w.l(memseta.o)
    0x08000140   0x08000140   0x00000024   Code   RO         2182    .text               mc_w.l(strstr.o)
    0x08000164   0x08000164   0x0000000e   Code   RO         2186    .text               mc_w.l(strlen.o)
    0x08000172   0x08000172   0x000000b0   Code   RO         2449    .text               mf_w.l(fadd.o)
    0x08000222   0x08000222   0x00000064   Code   RO         2451    .text               mf_w.l(fmul.o)
    0x08000286   0x08000286   0x0000007c   Code   RO         2453    .text               mf_w.l(fdiv.o)
    0x08000302   0x08000302   0x0000014e   Code   RO         2455    .text               mf_w.l(dadd.o)
    0x08000450   0x08000450   0x000000e4   Code   RO         2457    .text               mf_w.l(dmul.o)
    0x08000534   0x08000534   0x000000de   Code   RO         2459    .text               mf_w.l(ddiv.o)
    0x08000612   0x08000612   0x0000000a   Code   RO         2461    .text               mf_w.l(ffltui.o)
    0x0800061c   0x0800061c   0x00000032   Code   RO         2465    .text               mf_w.l(ffixi.o)
    0x0800064e   0x0800064e   0x00000028   Code   RO         2467    .text               mf_w.l(ffixui.o)
    0x08000676   0x08000676   0x00000026   Code   RO         2469    .text               mf_w.l(f2d.o)
    0x0800069c   0x0800069c   0x00000038   Code   RO         2471    .text               mf_w.l(d2f.o)
    0x080006d4   0x080006d4   0x00000014   Code   RO         2473    .text               mf_w.l(cfcmple.o)
    0x080006e8   0x080006e8   0x0000002c   Code   RO         2519    .text               mc_w.l(uidiv.o)
    0x08000714   0x08000714   0x00000062   Code   RO         2521    .text               mc_w.l(uldiv.o)
    0x08000776   0x08000776   0x0000001e   Code   RO         2523    .text               mc_w.l(llshl.o)
    0x08000794   0x08000794   0x00000024   Code   RO         2525    .text               mc_w.l(llsshr.o)
    0x080007b8   0x080007b8   0x00000000   Code   RO         2534    .text               mc_w.l(iusefp.o)
    0x080007b8   0x080007b8   0x0000006e   Code   RO         2535    .text               mf_w.l(fepilogue.o)
    0x08000826   0x08000826   0x000000ba   Code   RO         2537    .text               mf_w.l(depilogue.o)
    0x080008e0   0x080008e0   0x0000002e   Code   RO         2539    .text               mf_w.l(dscalb.o)
    0x0800090e   0x0800090e   0x00000022   Code   RO         2541    .text               mf_w.l(dflti.o)
    0x08000930   0x08000930   0x00000030   Code   RO         2543    .text               mf_w.l(dfixul.o)
    0x08000960   0x08000960   0x00000030   Code   RO         2545    .text               mf_w.l(cdrcmple.o)
    0x08000990   0x08000990   0x00000024   Code   RO         2547    .text               mc_w.l(init.o)
    0x080009b4   0x080009b4   0x00000020   Code   RO         2550    .text               mc_w.l(llushr.o)
    0x080009d4   0x080009d4   0x000000a2   Code   RO         2553    .text               mf_w.l(dsqrt.o)
    0x08000a76   0x08000a76   0x00000016   Code   RO         1331    i.ADC_Cmd           stm32f10x_adc.o
    0x08000a8c   0x08000a8c   0x00000016   Code   RO         1332    i.ADC_DMACmd        stm32f10x_adc.o
    0x08000aa2   0x08000aa2   0x00000014   Code   RO         1339    i.ADC_GetCalibrationStatus  stm32f10x_adc.o
    0x08000ab6   0x08000ab6   0x00000014   Code   RO         1345    i.ADC_GetResetCalibrationStatus  stm32f10x_adc.o
    0x08000aca   0x08000aca   0x00000002   PAD
    0x08000acc   0x08000acc   0x00000050   Code   RO         1349    i.ADC_Init          stm32f10x_adc.o
    0x08000b1c   0x08000b1c   0x000000b8   Code   RO         1353    i.ADC_RegularChannelConfig  stm32f10x_adc.o
    0x08000bd4   0x08000bd4   0x0000000a   Code   RO         1354    i.ADC_ResetCalibration  stm32f10x_adc.o
    0x08000bde   0x08000bde   0x00000016   Code   RO         1356    i.ADC_SoftwareStartConvCmd  stm32f10x_adc.o
    0x08000bf4   0x08000bf4   0x0000000a   Code   RO         1358    i.ADC_StartCalibration  stm32f10x_adc.o
    0x08000bfe   0x08000bfe   0x00000002   PAD
    0x08000c00   0x08000c00   0x00000114   Code   RO          514    i.Adc_Init          ad.o
    0x08000d14   0x08000d14   0x00000034   Code   RO          639    i.Beef_Init         beef.o
    0x08000d48   0x08000d48   0x00000004   Code   RO            1    i.BusFault_Handler  stm32f10x_it.o
    0x08000d4c   0x08000d4c   0x00000058   Code   RO          651    i.DHT11_Check       dht11.o
    0x08000da4   0x08000da4   0x0000003c   Code   RO          652    i.DHT11_Init        dht11.o
    0x08000de0   0x08000de0   0x00000034   Code   RO          653    i.DHT11_Mode        dht11.o
    0x08000e14   0x08000e14   0x00000058   Code   RO          654    i.DHT11_Read_Bit    dht11.o
    0x08000e6c   0x08000e6c   0x0000001e   Code   RO          655    i.DHT11_Read_Byte   dht11.o
    0x08000e8a   0x08000e8a   0x00000058   Code   RO          656    i.DHT11_Read_Data   dht11.o
    0x08000ee2   0x08000ee2   0x00000002   PAD
    0x08000ee4   0x08000ee4   0x0000002c   Code   RO          657    i.DHT11_Rst         dht11.o
    0x08000f10   0x08000f10   0x00000018   Code   RO         1549    i.DMA_Cmd           stm32f10x_dma.o
    0x08000f28   0x08000f28   0x0000003c   Code   RO         1555    i.DMA_Init          stm32f10x_dma.o
    0x08000f64   0x08000f64   0x00000002   Code   RO            2    i.DebugMon_Handler  stm32f10x_it.o
    0x08000f66   0x08000f66   0x00000002   PAD
    0x08000f68   0x08000f68   0x0000001c   Code   RO          456    i.ESP8266_Clear     esp8266.o
    0x08000f84   0x08000f84   0x000000f4   Code   RO          458    i.ESP8266_Init      esp8266.o
    0x08001078   0x08001078   0x00000054   Code   RO          459    i.ESP8266_SendCmd   esp8266.o
    0x080010cc   0x080010cc   0x00000034   Code   RO          462    i.ESP8266_WaitRecive  esp8266.o
    0x08001100   0x08001100   0x00000116   Code   RO         1017    i.GPIO_Init         stm32f10x_gpio.o
    0x08001216   0x08001216   0x00000012   Code   RO         1021    i.GPIO_ReadInputDataBit  stm32f10x_gpio.o
    0x08001228   0x08001228   0x00000004   Code   RO         1024    i.GPIO_ResetBits    stm32f10x_gpio.o
    0x0800122c   0x0800122c   0x00000004   Code   RO         1025    i.GPIO_SetBits      stm32f10x_gpio.o
    0x08001230   0x08001230   0x0000000a   Code   RO         1028    i.GPIO_WriteBit     stm32f10x_gpio.o
    0x0800123a   0x0800123a   0x00000002   PAD
    0x0800123c   0x0800123c   0x00000034   Code   RO          515    i.Get_Adc_Average   ad.o
    0x08001270   0x08001270   0x00000004   Code   RO            3    i.HardFault_Handler  stm32f10x_it.o
    0x08001274   0x08001274   0x0000007c   Code   RO          517    i.KY026_GetValue    ad.o
    0x080012f0   0x080012f0   0x0000008c   Code   RO          518    i.MQ2_GetData_PPM   ad.o
    0x0800137c   0x0800137c   0x00000050   Code   RO          519    i.MQ4_GetPPM        ad.o
    0x080013cc   0x080013cc   0x00000004   Code   RO            4    i.MemManage_Handler  stm32f10x_it.o
    0x080013d0   0x080013d0   0x00000002   Code   RO            5    i.NMI_Handler       stm32f10x_it.o
    0x080013d2   0x080013d2   0x00000002   PAD
    0x080013d4   0x080013d4   0x00000070   Code   RO          795    i.NVIC_Init         misc.o
    0x08001444   0x08001444   0x00000014   Code   RO          796    i.NVIC_PriorityGroupConfig  misc.o
    0x08001458   0x08001458   0x0000002a   Code   RO          327    i.OLED_Clear        oled.o
    0x08001482   0x08001482   0x00000002   PAD
    0x08001484   0x08001484   0x00000050   Code   RO          328    i.OLED_I2C_Init     oled.o
    0x080014d4   0x080014d4   0x00000054   Code   RO          329    i.OLED_I2C_SendByte  oled.o
    0x08001528   0x08001528   0x00000034   Code   RO          330    i.OLED_I2C_Start    oled.o
    0x0800155c   0x0800155c   0x00000028   Code   RO          331    i.OLED_I2C_Stop     oled.o
    0x08001584   0x08001584   0x000000ae   Code   RO          332    i.OLED_Init         oled.o
    0x08001632   0x08001632   0x00000014   Code   RO          333    i.OLED_Pow          oled.o
    0x08001646   0x08001646   0x00000022   Code   RO          334    i.OLED_SetCursor    oled.o
    0x08001668   0x08001668   0x00000074   Code   RO          336    i.OLED_ShowChar     oled.o
    0x080016dc   0x080016dc   0x00000044   Code   RO          338    i.OLED_ShowNum      oled.o
    0x08001720   0x08001720   0x00000028   Code   RO          340    i.OLED_ShowString   oled.o
    0x08001748   0x08001748   0x00000020   Code   RO          341    i.OLED_WriteCommand  oled.o
    0x08001768   0x08001768   0x00000020   Code   RO          342    i.OLED_WriteData    oled.o
    0x08001788   0x08001788   0x00000002   Code   RO            6    i.PendSV_Handler    stm32f10x_it.o
    0x0800178a   0x0800178a   0x00000002   PAD
    0x0800178c   0x0800178c   0x00000018   Code   RO         1125    i.RCC_ADCCLKConfig  stm32f10x_rcc.o
    0x080017a4   0x080017a4   0x00000020   Code   RO         1126    i.RCC_AHBPeriphClockCmd  stm32f10x_rcc.o
    0x080017c4   0x080017c4   0x00000020   Code   RO         1127    i.RCC_APB1PeriphClockCmd  stm32f10x_rcc.o
    0x080017e4   0x080017e4   0x00000020   Code   RO         1129    i.RCC_APB2PeriphClockCmd  stm32f10x_rcc.o
    0x08001804   0x08001804   0x000000d4   Code   RO         1137    i.RCC_GetClocksFreq  stm32f10x_rcc.o
    0x080018d8   0x080018d8   0x00000002   Code   RO            7    i.SVC_Handler       stm32f10x_it.o
    0x080018da   0x080018da   0x00000008   Code   RO          152    i.SetSysClock       system_stm32f10x.o
    0x080018e2   0x080018e2   0x00000002   PAD
    0x080018e4   0x080018e4   0x000000e0   Code   RO          153    i.SetSysClockTo72   system_stm32f10x.o
    0x080019c4   0x080019c4   0x00000028   Code   RO          799    i.SysTick_CLKSourceConfig  misc.o
    0x080019ec   0x080019ec   0x00000002   Code   RO            8    i.SysTick_Handler   stm32f10x_it.o
    0x080019ee   0x080019ee   0x00000002   PAD
    0x080019f0   0x080019f0   0x00000060   Code   RO          155    i.SystemInit        system_stm32f10x.o
    0x08001a50   0x08001a50   0x0000003c   Code   RO          566    i.TIM2_IRQHandler   time.o
    0x08001a8c   0x08001a8c   0x00000034   Code   RO          568    i.TIM3_IRQHandler   time.o
    0x08001ac0   0x08001ac0   0x00000006   Code   RO         1630    i.TIM_ClearITPendingBit  stm32f10x_tim.o
    0x08001ac6   0x08001ac6   0x00000022   Code   RO         1656    i.TIM_GetITStatus   stm32f10x_tim.o
    0x08001ae8   0x08001ae8   0x0000004c   Code   RO          463    i.USART1_IRQHandler  esp8266.o
    0x08001b34   0x08001b34   0x00000012   Code   RO          831    i.USART_ClearFlag   stm32f10x_usart.o
    0x08001b46   0x08001b46   0x00000018   Code   RO          835    i.USART_Cmd         stm32f10x_usart.o
    0x08001b5e   0x08001b5e   0x0000001a   Code   RO          838    i.USART_GetFlagStatus  stm32f10x_usart.o
    0x08001b78   0x08001b78   0x00000054   Code   RO          839    i.USART_GetITStatus  stm32f10x_usart.o
    0x08001bcc   0x08001bcc   0x0000004a   Code   RO          841    i.USART_ITConfig    stm32f10x_usart.o
    0x08001c16   0x08001c16   0x00000002   PAD
    0x08001c18   0x08001c18   0x000000d8   Code   RO          842    i.USART_Init        stm32f10x_usart.o
    0x08001cf0   0x08001cf0   0x00000008   Code   RO          852    i.USART_SendData    stm32f10x_usart.o
    0x08001cf8   0x08001cf8   0x00000004   Code   RO            9    i.UsageFault_Handler  stm32f10x_it.o
    0x08001cfc   0x08001cfc   0x000000b0   Code   RO          599    i.Usart1_Init       usart.o
    0x08001dac   0x08001dac   0x000000ac   Code   RO          600    i.Usart3_Init       usart.o
    0x08001e58   0x08001e58   0x00000032   Code   RO          602    i.Usart_SendString  usart.o
    0x08001e8a   0x08001e8a   0x00000002   PAD
    0x08001e8c   0x08001e8c   0x00000028   Code   RO         2423    i.__0sprintf        mc_w.l(printfa.o)
    0x08001eb4   0x08001eb4   0x00000028   Code   RO         2489    i.__ARM_fpclassify  m_ws.l(fpclassify.o)
    0x08001edc   0x08001edc   0x000000aa   Code   RO         2491    i.__kernel_poly     m_ws.l(poly.o)
    0x08001f86   0x08001f86   0x00000002   PAD
    0x08001f88   0x08001f88   0x00000010   Code   RO         2475    i.__mathlib_dbl_divzero  m_ws.l(dunder.o)
    0x08001f98   0x08001f98   0x00000004   Code   RO         2477    i.__mathlib_dbl_infnan2  m_ws.l(dunder.o)
    0x08001f9c   0x08001f9c   0x0000000c   Code   RO         2478    i.__mathlib_dbl_invalid  m_ws.l(dunder.o)
    0x08001fa8   0x08001fa8   0x0000000e   Code   RO         2479    i.__mathlib_dbl_overflow  m_ws.l(dunder.o)
    0x08001fb6   0x08001fb6   0x00000002   PAD
    0x08001fb8   0x08001fb8   0x00000010   Code   RO         2481    i.__mathlib_dbl_underflow  m_ws.l(dunder.o)
    0x08001fc8   0x08001fc8   0x0000000e   Code   RO         2559    i.__scatterload_copy  mc_w.l(handlers.o)
    0x08001fd6   0x08001fd6   0x00000002   Code   RO         2560    i.__scatterload_null  mc_w.l(handlers.o)
    0x08001fd8   0x08001fd8   0x0000000e   Code   RO         2561    i.__scatterload_zeroinit  mc_w.l(handlers.o)
    0x08001fe6   0x08001fe6   0x00000002   PAD
    0x08001fe8   0x08001fe8   0x0000000c   Code   RO         2529    i.__set_errno       mc_w.l(errno.o)
    0x08001ff4   0x08001ff4   0x00000184   Code   RO         2428    i._fp_digits        mc_w.l(printfa.o)
    0x08002178   0x08002178   0x000006dc   Code   RO         2429    i._printf_core      mc_w.l(printfa.o)
    0x08002854   0x08002854   0x00000024   Code   RO         2430    i._printf_post_padding  mc_w.l(printfa.o)
    0x08002878   0x08002878   0x0000002e   Code   RO         2431    i._printf_pre_padding  mc_w.l(printfa.o)
    0x080028a6   0x080028a6   0x0000000a   Code   RO         2433    i._sputc            mc_w.l(printfa.o)
    0x080028b0   0x080028b0   0x0000003c   Code   RO          702    i.delay_init        delay.o
    0x080028ec   0x080028ec   0x0000003c   Code   RO          703    i.delay_ms          delay.o
    0x08002928   0x08002928   0x0000003c   Code   RO          704    i.delay_us          delay.o
    0x08002964   0x08002964   0x0000017c   Code   RO          186    i.main              main.o
    0x08002ae0   0x08002ae0   0x000009d8   Code   RO         2168    i.pow               m_ws.l(pow.o)
    0x080034b8   0x080034b8   0x00000030   Code   RO          188    i.send_info         main.o
    0x080034e8   0x080034e8   0x0000004c   Code   RO         2495    i.sqrt              m_ws.l(sqrt.o)
    0x08003534   0x08003534   0x000005f0   Data   RO          343    .constdata          oled.o
    0x08003b24   0x08003b24   0x00000004   PAD
    0x08003b28   0x08003b28   0x00000088   Data   RO         2169    .constdata          m_ws.l(pow.o)
    0x08003bb0   0x08003bb0   0x00000008   Data   RO         2493    .constdata          m_ws.l(qnan.o)
    0x08003bb8   0x08003bb8   0x00000020   Data   RO         2557    Region$$Table       anon$$obj.o


    Execution Region RW_IRAM1 (Exec base: 0x20000000, Load base: 0x08003bd8, Size: 0x000002c0, Max: 0x00005000, ABSOLUTE)

    Exec Addr    Load Addr    Size         Type   Attr      Idx    E Section Name        Object

    0x20000000   0x08003bd8   0x0000000e   Data   RW          189    .data               main.o
    0x2000000e   0x08003be6   0x00000004   Data   RW          465    .data               esp8266.o
    0x20000012   0x08003bea   0x00000006   Data   RW          520    .data               ad.o
    0x20000018   0x08003bf0   0x0000000c   Data   RW          570    .data               time.o
    0x20000024   0x08003bfc   0x00000004   Data   RW          705    .data               delay.o
    0x20000028   0x08003c00   0x00000014   Data   RW         1157    .data               stm32f10x_rcc.o
    0x2000003c   0x08003c14   0x00000004   Data   RW         2530    .data               mc_w.l(errno.o)
    0x20000040        -       0x00000080   Zero   RW          464    .bss                esp8266.o
    0x200000c0        -       0x00000200   Zero   RW          788    STACK               startup_stm32f10x_md.o


==============================================================================

Image component sizes


      Code (inc. data)   RO Data    RW Data    ZI Data      Debug   Object Name

       672         70          0          6          0       3868   ad.o
        52          4          0          0          0        512   beef.o
       180         16          0          4          0       1839   delay.o
       450         26          0          0          0       4541   dht11.o
       484        182          0          4        128       3935   esp8266.o
       428         96          0         14          0     214534   main.o
       172         22          0          0          0       2129   misc.o
       814         22       1520          0          0       8173   oled.o
        28          4        236          0        512        788   startup_stm32f10x_md.o
       390         10          0          0          0       7589   stm32f10x_adc.o
        84          0          0          0          0       2829   stm32f10x_dma.o
       314          0          0          0          0       4356   stm32f10x_gpio.o
        26          0          0          0          0      61834   stm32f10x_it.o
       332         44          0         20          0       5685   stm32f10x_rcc.o
        40          0          0          0          0       1810   stm32f10x_tim.o
       450          6          0          0          0       6331   stm32f10x_usart.o
         0          0          0          0          0         32   sys.o
       328         28          0          0          0       1873   system_stm32f10x.o
       112         14          0         12          0       1272   time.o
       398         20          0          0          0       2555   usart.o

    ----------------------------------------------------------------------
      5778        564       1792         60        640     336485   Object Totals
         0          0         32          0          0          0   (incl. Generated)
        24          0          4          0          0          0   (incl. Padding)

    ----------------------------------------------------------------------

      Code (inc. data)   RO Data    RW Data    ZI Data      Debug   Library Member Name

        62         10          0          0          0        340   dunder.o
        40          0          0          0          0         68   fpclassify.o
       170          0          0          0          0         96   poly.o
      2520        190        136          0          0        324   pow.o
         0          0          8          0          0          0   qnan.o
        76          0          0          0          0         84   sqrt.o
         0          0          0          0          0          0   entry.o
         0          0          0          0          0          0   entry10a.o
         0          0          0          0          0          0   entry11a.o
         8          4          0          0          0          0   entry2.o
         4          0          0          0          0          0   entry5.o
         0          0          0          0          0          0   entry7b.o
         0          0          0          0          0          0   entry8b.o
         8          4          0          0          0          0   entry9a.o
        12          6          0          4          0         68   errno.o
        30          0          0          0          0          0   handlers.o
        36          8          0          0          0         68   init.o
         0          0          0          0          0          0   iusefp.o
        30          0          0          0          0         68   llshl.o
        36          0          0          0          0         68   llsshr.o
        32          0          0          0          0         68   llushr.o
        36          0          0          0          0        108   memseta.o
      2276         86          0          0          0        520   printfa.o
        14          0          0          0          0         68   strlen.o
        36          0          0          0          0         80   strstr.o
        44          0          0          0          0         80   uidiv.o
        98          0          0          0          0         92   uldiv.o
        48          0          0          0          0         68   cdrcmple.o
        20          0          0          0          0         68   cfcmple.o
        56          0          0          0          0         88   d2f.o
       334          0          0          0          0        148   dadd.o
       222          0          0          0          0        100   ddiv.o
       186          0          0          0          0        176   depilogue.o
        48          0          0          0          0         68   dfixul.o
        34          0          0          0          0         76   dflti.o
       228          0          0          0          0         96   dmul.o
        46          0          0          0          0         80   dscalb.o
       162          0          0          0          0        100   dsqrt.o
        38          0          0          0          0         68   f2d.o
       176          0          0          0          0        140   fadd.o
       124          0          0          0          0         88   fdiv.o
       110          0          0          0          0        168   fepilogue.o
        50          0          0          0          0         68   ffixi.o
        40          0          0          0          0         68   ffixui.o
        10          0          0          0          0         68   ffltui.o
       100          0          0          0          0         76   fmul.o

    ----------------------------------------------------------------------
      7606        308        144          4          0       4012   Library Totals
         6          0          0          0          0          0   (incl. Padding)

    ----------------------------------------------------------------------

      Code (inc. data)   RO Data    RW Data    ZI Data      Debug   Library Name

      2868        200        144          0          0        912   m_ws.l
      2700        108          0          4          0       1288   mc_w.l
      2032          0          0          0          0       1812   mf_w.l

    ----------------------------------------------------------------------
      7606        308        144          4          0       4012   Library Totals

    ----------------------------------------------------------------------

==============================================================================


      Code (inc. data)   RO Data    RW Data    ZI Data      Debug   

     13384        872       1936         64        640     334201   Grand Totals
     13384        872       1936         64        640     334201   ELF Image Totals
     13384        872       1936         64          0          0   ROM Totals

==============================================================================

    Total RO  Size (Code + RO Data)                15320 (  14.96kB)
    Total RW  Size (RW Data + ZI Data)               704 (   0.69kB)
    Total ROM Size (Code + RO Data + RW Data)      15384 (  15.02kB)

==============================================================================

